Archive member included to satisfy reference by file (symbol)

C:/MaximSDK/Libraries/PeriphDrivers/bin/MAX32670/softfp/libPeriphDriver_softfp.a(mxc_delay.o)
                              c:/Users/ADMIN/Desktop/BMS_ADBMS/ADBMS6830/build/ADBMSCOMMON.o (MXC_Delay)
C:/MaximSDK/Libraries/PeriphDrivers/bin/MAX32670/softfp/libPeriphDriver_softfp.a(sys_me15.o)
                              c:/Users/ADMIN/Desktop/BMS_ADBMS/ADBMS6830/build/system_max32670.o (MXC_SYS_ClockEnable)
C:/MaximSDK/Libraries/PeriphDrivers/bin/MAX32670/softfp/libPeriphDriver_softfp.a(aes_me15.o)
                              C:/MaximSDK/Libraries/PeriphDrivers/bin/MAX32670/softfp/libPeriphDriver_softfp.a(sys_me15.o) (MXC_AES_Shutdown)
C:/MaximSDK/Libraries/PeriphDrivers/bin/MAX32670/softfp/libPeriphDriver_softfp.a(aes_revb.o)
                              C:/MaximSDK/Libraries/PeriphDrivers/bin/MAX32670/softfp/libPeriphDriver_softfp.a(aes_me15.o) (MXC_AES_RevB_IsBusy)
C:/MaximSDK/Libraries/PeriphDrivers/bin/MAX32670/softfp/libPeriphDriver_softfp.a(dma_me15.o)
                              C:/MaximSDK/Libraries/PeriphDrivers/bin/MAX32670/softfp/libPeriphDriver_softfp.a(aes_revb.o) (MXC_DMA_Init)
C:/MaximSDK/Libraries/PeriphDrivers/bin/MAX32670/softfp/libPeriphDriver_softfp.a(dma_reva.o)
                              C:/MaximSDK/Libraries/PeriphDrivers/bin/MAX32670/softfp/libPeriphDriver_softfp.a(dma_me15.o) (MXC_DMA_RevA_Init)
C:/MaximSDK/Libraries/PeriphDrivers/bin/MAX32670/softfp/libPeriphDriver_softfp.a(flc_me15.o)
                              C:/MaximSDK/Libraries/PeriphDrivers/bin/MAX32670/softfp/libPeriphDriver_softfp.a(aes_me15.o) (MXC_FLC_PageErase)
C:/MaximSDK/Libraries/PeriphDrivers/bin/MAX32670/softfp/libPeriphDriver_softfp.a(flc_reva.o)
                              C:/MaximSDK/Libraries/PeriphDrivers/bin/MAX32670/softfp/libPeriphDriver_softfp.a(flc_me15.o) (MXC_FLC_RevA_Busy)
C:/MaximSDK/Libraries/PeriphDrivers/bin/MAX32670/softfp/libPeriphDriver_softfp.a(gpio_me15.o)
                              c:/Users/ADMIN/Desktop/BMS_ADBMS/ADBMS6830/build/pb.o (MXC_GPIO_InGet)
C:/MaximSDK/Libraries/PeriphDrivers/bin/MAX32670/softfp/libPeriphDriver_softfp.a(gpio_reva.o)
                              C:/MaximSDK/Libraries/PeriphDrivers/bin/MAX32670/softfp/libPeriphDriver_softfp.a(gpio_me15.o) (MXC_GPIO_RevA_InGet)
C:/MaximSDK/Libraries/PeriphDrivers/bin/MAX32670/softfp/libPeriphDriver_softfp.a(spi_me15.o)
                              c:/Users/ADMIN/Desktop/BMS_ADBMS/ADBMS6830/build/main.o (MXC_SPI_Init)
C:/MaximSDK/Libraries/PeriphDrivers/bin/MAX32670/softfp/libPeriphDriver_softfp.a(spi_reva1.o)
                              C:/MaximSDK/Libraries/PeriphDrivers/bin/MAX32670/softfp/libPeriphDriver_softfp.a(spi_me15.o) (MXC_SPI_RevA1_Init)
C:/MaximSDK/Libraries/PeriphDrivers/bin/MAX32670/softfp/libPeriphDriver_softfp.a(trng_me15.o)
                              C:/MaximSDK/Libraries/PeriphDrivers/bin/MAX32670/softfp/libPeriphDriver_softfp.a(aes_me15.o) (MXC_TRNG_GenerateKey)
C:/MaximSDK/Libraries/PeriphDrivers/bin/MAX32670/softfp/libPeriphDriver_softfp.a(trng_revb.o)
                              C:/MaximSDK/Libraries/PeriphDrivers/bin/MAX32670/softfp/libPeriphDriver_softfp.a(trng_me15.o) (MXC_TRNG_RevB_Init)
C:/MaximSDK/Libraries/PeriphDrivers/bin/MAX32670/softfp/libPeriphDriver_softfp.a(uart_me15.o)
                              c:/Users/ADMIN/Desktop/BMS_ADBMS/ADBMS6830/build/board.o (MXC_UART_Shutdown)
C:/MaximSDK/Libraries/PeriphDrivers/bin/MAX32670/softfp/libPeriphDriver_softfp.a(uart_revb.o)
                              C:/MaximSDK/Libraries/PeriphDrivers/bin/MAX32670/softfp/libPeriphDriver_softfp.a(uart_me15.o) (MXC_UART_RevB_Init)
C:/MaximSDK/Libraries/PeriphDrivers/bin/MAX32670/softfp/libPeriphDriver_softfp.a(mxc_lock.o)
                              C:/MaximSDK/Libraries/PeriphDrivers/bin/MAX32670/softfp/libPeriphDriver_softfp.a(dma_reva.o) (MXC_GetLock)
C:/MaximSDK/Libraries/PeriphDrivers/bin/MAX32670/softfp/libPeriphDriver_softfp.a(nvic_table.o)
                              C:/MaximSDK/Libraries/PeriphDrivers/bin/MAX32670/softfp/libPeriphDriver_softfp.a(uart_revb.o) (MXC_NVIC_SetVector)
C:/MaximSDK/Libraries/PeriphDrivers/bin/MAX32670/softfp/libPeriphDriver_softfp.a(pins_me15.o)
                              C:/MaximSDK/Libraries/PeriphDrivers/bin/MAX32670/softfp/libPeriphDriver_softfp.a(spi_me15.o) (gpio_cfg_spi2)
C:/MaximSDK/Libraries/PeriphDrivers/bin/MAX32670/softfp/libPeriphDriver_softfp.a(flc_common.o)
                              C:/MaximSDK/Libraries/PeriphDrivers/bin/MAX32670/softfp/libPeriphDriver_softfp.a(flc_me15.o) (MXC_FLC_Com_VerifyData)
C:/MaximSDK/Libraries/PeriphDrivers/bin/MAX32670/softfp/libPeriphDriver_softfp.a(gpio_common.o)
                              C:/MaximSDK/Libraries/PeriphDrivers/bin/MAX32670/softfp/libPeriphDriver_softfp.a(gpio_me15.o) (MXC_GPIO_Common_Init)
C:/MaximSDK/Libraries/PeriphDrivers/bin/MAX32670/softfp/libPeriphDriver_softfp.a(uart_common.o)
[...]
Memory Configuration

Name             Origin             Length             Attributes
FLASH            0x10000000         0x00060000         xr
SRAM             0x20000000         0x00020000         xrw
*default*        0x00000000         0xffffffff

Linker script and memory map

LOAD c:/maximsdk/tools/gnutools/10.3/bin/../lib/gcc/arm-none-eabi/10.3.1/thumb/v7e-m+fp/softfp/crti.o
LOAD c:/maximsdk/tools/gnutools/10.3/bin/../lib/gcc/arm-none-eabi/10.3.1/thumb/v7e-m+fp/softfp/crtbegin.o
LOAD c:/maximsdk/tools/gnutools/10.3/bin/../lib/gcc/arm-none-eabi/10.3.1/../../../../arm-none-eabi/lib/thumb/v7e-m+fp/softfp/crt0.o
LOAD c:/Users/ADMIN/Desktop/BMS_ADBMS/ADBMS6830/build/ADBMSCOMMON.o
LOAD c:/Users/ADMIN/Desktop/BMS_ADBMS/ADBMS6830/build/ADBMSMAIN.o
LOAD c:/Users/ADMIN/Desktop/BMS_ADBMS/ADBMS6830/build/main.o
LOAD c:/Users/ADMIN/Desktop/BMS_ADBMS/ADBMS6830/build/board.o
LOAD c:/Users/ADMIN/Desktop/BMS_ADBMS/ADBMS6830/build/stdio.o
LOAD c:/Users/ADMIN/Desktop/BMS_ADBMS/ADBMS6830/build/led.o
LOAD c:/Users/ADMIN/Desktop/BMS_ADBMS/ADBMS6830/build/pb.o
LOAD c:/Users/ADMIN/Desktop/BMS_ADBMS/ADBMS6830/build/startup_max32670.o
LOAD c:/Users/ADMIN/Desktop/BMS_ADBMS/ADBMS6830/build/heap.o
LOAD c:/Users/ADMIN/Desktop/BMS_ADBMS/ADBMS6830/build/system_max32670.o
START GROUP
LOAD C:/MaximSDK/Libraries/PeriphDrivers/bin/MAX32670/softfp/libPeriphDriver_softfp.a
LOAD c:/maximsdk/tools/gnutools/10.3/bin/../lib/gcc/arm-none-eabi/10.3.1/../../../../arm-none-eabi/lib/thumb/v7e-m+fp/softfp\libc.a
LOAD c:/maximsdk/tools/gnutools/10.3/bin/../lib/gcc/arm-none-eabi/10.3.1/../../../../arm-none-eabi/lib/thumb/v7e-m+fp/softfp\libm.a
LOAD c:/maximsdk/tools/gnutools/10.3/bin/../lib/gcc/arm-none-eabi/10.3.1/../../../../arm-none-eabi/lib/thumb/v7e-m+fp/softfp\libnosys.a
END GROUP
START GROUP
LOAD c:/maximsdk/tools/gnutools/10.3/bin/../lib/gcc/arm-none-eabi/10.3.1/thumb/v7e-m+fp/softfp\libgcc.a
LOAD c:/maximsdk/tools/gnutools/10.3/bin/../lib/gcc/arm-none-eabi/10.3.1/../../../../arm-none-eabi/lib/thumb/v7e-m+fp/softfp\libc.a
END GROUP
LOAD c:/maximsdk/tools/gnutools/10.3/bin/../lib/gcc/arm-none-eabi/10.3.1/thumb/v7e-m+fp/softfp/crtend.o
LOAD c:/maximsdk/tools/gnutools/10.3/bin/../lib/gcc/arm-none-eabi/10.3.1/thumb/v7e-m+fp/softfp/crtn.o

.text           0x10000000    0x11e20
                0x10000000                _text = .
 *(.isr_vector)
 .isr_vector    0x10000000      0x1d0 c:/Users/ADMIN/Desktop/BMS_ADBMS/ADBMS6830/build/startup_max32670.o
                0x10000000                __isr_vector
 *(.text*)
 .text          0x100001d0       0x40 c:/maximsdk/tools/gnutools/10.3/bin/../lib/gcc/arm-none-eabi/10.3.1/thumb/v7e-m+fp/softfp/crtbegin.o
 .text.SPI_Write
                0x10000210       0x34 c:/Users/ADMIN/Desktop/BMS_ADBMS/ADBMS6830/build/ADBMSCOMMON.o
                0x10000210                SPI_Write
 .text.Pec15_Calc
                0x10000244       0x44 c:/Users/ADMIN/Desktop/BMS_ADBMS/ADBMS6830/build/ADBMSCOMMON.o
                0x10000244                Pec15_Calc
 .text.ADBMS_Write_Cmd
                0x10000288       0x5c c:/Users/ADMIN/Desktop/BMS_ADBMS/ADBMS6830/build/ADBMSCOMMON.o
                0x10000288                ADBMS_Write_Cmd
 .text.pec10_calc
                0x100002e4       0x6e c:/Users/ADMIN/Desktop/BMS_ADBMS/ADBMS6830/build/ADBMSCOMMON.o
                0x100002e4                pec10_calc
 *fill*         0x10000352        0x2 
 .text.ADBMS_Write_Data
                0x10000354       0xe8 c:/Users/ADMIN/Desktop/BMS_ADBMS/ADBMS6830/build/ADBMSCOMMON.o
                0x10000354                ADBMS_Write_Data
 .text.ADBMS_Read_Data
                0x1000043c      0x1b0 c:/Users/ADMIN/Desktop/BMS_ADBMS/ADBMS6830/build/ADBMSCOMMON.o
                0x1000043c                ADBMS_Read_Data
 .text.twos_complement_to_int
                0x100005ec       0x1c c:/Users/ADMIN/Desktop/BMS_ADBMS/ADBMS6830/build/ADBMSCOMMON.o
                0x100005ec                twos_complement_to_int
 .text.SetUnderVoltageThreshold
                0x10000608       0x38 c:/Users/ADMIN/Desktop/BMS_ADBMS/ADBMS6830/build/ADBMSCOMMON.o
                0x10000608                SetUnderVoltageThreshold
 .text.SetOverVoltageThreshold
                0x10000640       0x38 c:/Users/ADMIN/Desktop/BMS_ADBMS/ADBMS6830/build/ADBMSCOMMON.o
                0x10000640                SetOverVoltageThreshold
 .text.WRCFGB_data_Set
                0x10000678       0x3a c:/Users/ADMIN/Desktop/BMS_ADBMS/ADBMS6830/build/ADBMSCOMMON.o
                0x10000678                WRCFGB_data_Set
 .text.ADBMS_ADCV
                0x100006b2       0x32 c:/Users/ADMIN/Desktop/BMS_ADBMS/ADBMS6830/build/ADBMSMAIN.o
                0x100006b2                ADBMS_ADCV
 .text.ADBMS_ADSV
                0x100006e4       0x22 c:/Users/ADMIN/Desktop/BMS_ADBMS/ADBMS6830/build/ADBMSMAIN.o
                0x100006e4                ADBMS_ADSV
 .text.ADBMS_ADAX
                0x10000706       0x20 c:/Users/ADMIN/Desktop/BMS_ADBMS/ADBMS6830/build/ADBMSMAIN.o
                0x10000706                ADBMS_ADAX
 *fill*         0x10000726        0x2 
 .text.printMenu
                0x10000728       0x98 c:/Users/ADMIN/Desktop/BMS_ADBMS/ADBMS6830/build/ADBMSMAIN.o
                0x10000728                printMenu
 .text.ADBMS_Init
                0x100007c0       0x80 c:/Users/ADMIN/Desktop/BMS_ADBMS/ADBMS6830/build/ADBMSMAIN.o
                0x100007c0                ADBMS_Init
 .text.ADBMS_Print_WRCFG_Data
                0x10000840       0x30 c:/Users/ADMIN/Desktop/BMS_ADBMS/ADBMS6830/build/ADBMSMAIN.o
                0x10000840                ADBMS_Print_WRCFG_Data
 .text.ADBMS_Print_RDCFG_Data
                0x10000870       0x38 c:/Users/ADMIN/Desktop/BMS_ADBMS/ADBMS6830/build/ADBMSMAIN.o
                0x10000870                ADBMS_Print_RDCFG_Data
 .text.ADBMS_Write_Read_Config
                0x100008a8       0xe4 c:/Users/ADMIN/Desktop/BMS_ADBMS/ADBMS6830/build/ADBMSMAIN.o
                0x100008a8                ADBMS_Write_Read_Config
 *fill*         0x1000098c        0x4 
 .text.ADBMS_Print_AUX_Data
                0x10000990      0x2ac c:/Users/ADMIN/Desktop/BMS_ADBMS/ADBMS6830/build/ADBMSMAIN.o
                0x10000990                ADBMS_Print_AUX_Data
 *fill*         0x10000c3c        0x4 
 .text.ADBMS_Print_Status_Data
                0x10000c40      0x180 c:/Users/ADMIN/Desktop/BMS_ADBMS/ADBMS6830/build/ADBMSMAIN.o
                0x10000c40                ADBMS_Print_Status_Data
 .text.ADBMSPollADC
                0x10000dc0       0x6c c:/Users/ADMIN/Desktop/BMS_ADBMS/ADBMS6830/build/ADBMSMAIN.o
                0x10000dc0                ADBMSPollADC
 .text.ADC_GPIO_Voltage_Measurement
                0x10000e2c      0x104 c:/Users/ADMIN/Desktop/BMS_ADBMS/ADBMS6830/build/ADBMSMAIN.o
                0x10000e2c                ADC_GPIO_Voltage_Measurement
 .text.ADBMS_Status_Reg_voltage_measurment
                0x10000f30      0x108 c:/Users/ADMIN/Desktop/BMS_ADBMS/ADBMS6830/build/ADBMSMAIN.o
                0x10000f30                ADBMS_Status_Reg_voltage_measurment
 .text.pollVoltCTSconversion
                0x10001038       0x68 c:/Users/ADMIN/Desktop/BMS_ADBMS/ADBMS6830/build/ADBMSMAIN.o
                0x10001038                pollVoltCTSconversion
 .text.ADBMS6830_SetCellDischargePWM
                0x100010a0       0xcc c:/Users/ADMIN/Desktop/BMS_ADBMS/ADBMS6830/build/ADBMSMAIN.o
                0x100010a0                ADBMS6830_SetCellDischargePWM
 .text.SetConfigB_DischargeTimeOutValue
                0x1000116c       0x4c c:/Users/ADMIN/Desktop/BMS_ADBMS/ADBMS6830/build/ADBMSMAIN.o
                0x1000116c                SetConfigB_DischargeTimeOutValue
 .text.adBms6830_Adcv
                0x100011b8       0x46 c:/Users/ADMIN/Desktop/BMS_ADBMS/ADBMS6830/build/ADBMSMAIN.o
                0x100011b8                adBms6830_Adcv
 *fill*         0x100011fe        0x2 
 .text.ConfigB_DccBit
                0x10001200       0x30 c:/Users/ADMIN/Desktop/BMS_ADBMS/ADBMS6830/build/ADBMSMAIN.o
                0x10001200                ConfigB_DccBit
 .text.ADBMS6830_ActivateCellBalancing
                0x10001230       0x74 c:/Users/ADMIN/Desktop/BMS_ADBMS/ADBMS6830/build/ADBMSMAIN.o
                0x10001230                ADBMS6830_ActivateCellBalancing
 .text.ADBMS6830_EnableCellBalancing
                0x100012a4       0x78 c:/Users/ADMIN/Desktop/BMS_ADBMS/ADBMS6830/build/ADBMSMAIN.o
                0x100012a4                ADBMS6830_EnableCellBalancing
 .text.CalculatePEC
                0x1000131c       0x46 c:/Users/ADMIN/Desktop/BMS_ADBMS/ADBMS6830/build/ADBMSMAIN.o
                0x1000131c                CalculatePEC
 *fill*         0x10001362        0x2 
 .text.ADSV_PWM_discharge_Measurement_test
                0x10001364      0x268 c:/Users/ADMIN/Desktop/BMS_ADBMS/ADBMS6830/build/ADBMSMAIN.o
                0x10001364                ADSV_PWM_discharge_Measurement_test
 *fill*         0x100015cc        0x4 
 .text.ADBMS_Print_Data
                0x100015d0      0x694 c:/Users/ADMIN/Desktop/BMS_ADBMS/ADBMS6830/build/ADBMSMAIN.o
                0x100015d0                ADBMS_Print_Data
 .text.ADC_Cell_Voltage_Measurement
                0x10001c64      0x188 c:/Users/ADMIN/Desktop/BMS_ADBMS/ADBMS6830/build/ADBMSMAIN.o
                0x10001c64                ADC_Cell_Voltage_Measurement
 .text.ADC_S_Voltage_Measurement
                0x10001dec      0x17c c:/Users/ADMIN/Desktop/BMS_ADBMS/ADBMS6830/build/ADBMSMAIN.o
                0x10001dec                ADC_S_Voltage_Measurement
 .text.ADC_AVG_Cell_Voltage_Measurement
                0x10001f68      0x140 c:/Users/ADMIN/Desktop/BMS_ADBMS/ADBMS6830/build/ADBMSMAIN.o
                0x10001f68                ADC_AVG_Cell_Voltage_Measurement
 .text.run_command
                0x100020a8       0x64 c:/Users/ADMIN/Desktop/BMS_ADBMS/ADBMS6830/build/ADBMSMAIN.o
                0x100020a8                run_command
 .text.adbmsmain
                0x1000210c       0x34 c:/Users/ADMIN/Desktop/BMS_ADBMS/ADBMS6830/build/ADBMSMAIN.o
                0x1000210c                adbmsmain
 .text.main     0x10002140       0x3c c:/Users/ADMIN/Desktop/BMS_ADBMS/ADBMS6830/build/main.o
                0x10002140                main
 .text.SPI_Transaction
                0x1000217c       0x2c c:/Users/ADMIN/Desktop/BMS_ADBMS/ADBMS6830/build/main.o
                0x1000217c                SPI_Transaction
 .text.WakeupIC
                0x100021a8       0x4a c:/Users/ADMIN/Desktop/BMS_ADBMS/ADBMS6830/build/main.o
                0x100021a8                WakeupIC
 *fill*         0x100021f2        0x2 
 .text.WakeupBMSIC
                0x100021f4       0x10 c:/Users/ADMIN/Desktop/BMS_ADBMS/ADBMS6830/build/main.o
                0x100021f4                WakeupBMSIC
 .text.mxc_assert
                0x10002204       0x10 c:/Users/ADMIN/Desktop/BMS_ADBMS/ADBMS6830/build/board.o
                0x10002204                mxc_assert
 .text.GPIO0_IRQHandler
                0x10002214        0xa c:/Users/ADMIN/Desktop/BMS_ADBMS/ADBMS6830/build/board.o
                0x10002214                GPIO0_IRQHandler
 *fill*         0x1000221e        0x2 
 .text.Console_Init
                0x10002220       0x18 c:/Users/ADMIN/Desktop/BMS_ADBMS/ADBMS6830/build/board.o
                0x10002220                Console_Init
 .text.Board_Init
                0x10002238       0x34 c:/Users/ADMIN/Desktop/BMS_ADBMS/ADBMS6830/build/board.o
                0x10002238                Board_Init
 .text.NMI_Handler
                0x1000226c        0x4 c:/Users/ADMIN/Desktop/BMS_ADBMS/ADBMS6830/build/board.o
                0x1000226c                NMI_Handler
 .text._close   0x10002270        0x6 c:/Users/ADMIN/Desktop/BMS_ADBMS/ADBMS6830/build/stdio.o
                0x10002270                _close
 .text._isatty  0x10002276        0x6 c:/Users/ADMIN/Desktop/BMS_ADBMS/ADBMS6830/build/stdio.o
                0x10002276                _isatty
 .text._lseek   0x1000227c        0x6 c:/Users/ADMIN/Desktop/BMS_ADBMS/ADBMS6830/build/stdio.o
                0x1000227c                _lseek
 .text._fstat   0x10002282        0x6 c:/Users/ADMIN/Desktop/BMS_ADBMS/ADBMS6830/build/stdio.o
                0x10002282                _fstat
 .text._read    0x10002288       0x50 c:/Users/ADMIN/Desktop/BMS_ADBMS/ADBMS6830/build/stdio.o
                0x10002288                _read
 .text._write   0x100022d8       0x44 c:/Users/ADMIN/Desktop/BMS_ADBMS/ADBMS6830/build/stdio.o
                0x100022d8                _write
 .text.LED_Off  0x1000231c       0x44 c:/Users/ADMIN/Desktop/BMS_ADBMS/ADBMS6830/build/led.o
                0x1000231c                LED_Off
 .text.LED_Init
                0x10002360       0x3c c:/Users/ADMIN/Desktop/BMS_ADBMS/ADBMS6830/build/led.o
                0x10002360                LED_Init
 .text.PB_Init  0x1000239c       0x38 c:/Users/ADMIN/Desktop/BMS_ADBMS/ADBMS6830/build/pb.o
                0x1000239c                PB_Init
 .text          0x100023d4      0x140 c:/Users/ADMIN/Desktop/BMS_ADBMS/ADBMS6830/build/startup_max32670.o
                0x100023d4                Reset_Handler
                0x10002412                HardFault_Handler
                0x10002414                MemManage_Handler
                0x10002416                BusFault_Handler
                0x10002418                UsageFault_Handler
                0x1000241a                SVC_Handler
                0x1000241c                DebugMon_Handler
                0x1000241e                PendSV_Handler
                0x10002420                SysTick_Handler
                0x10002422                Default_Handler
                0x10002424                PF_IRQHandler
                0x10002426                WDT0_IRQHandler
                0x10002428                RSV02_IRQHandler
                0x1000242a                RTC_IRQHandler
                0x1000242c                TRNG_IRQHandler
                0x1000242e                TMR0_IRQHandler
                0x10002430                TMR1_IRQHandler
                0x10002432                TMR2_IRQHandler
                0x10002434                TMR3_IRQHandler
                0x10002436                TMR4_IRQHandler
                0x10002438                TMR5_IRQHandler
                0x1000243a                RSV11_IRQHandler
                0x1000243c                RSV12_IRQHandler
                0x1000243e                I2C0_IRQHandler
                0x10002440                UART0_IRQHandler
                0x10002442                UART1_IRQHandler
                0x10002444                SPI0_IRQHandler
                0x10002446                SPI1_IRQHandler
                0x10002448                SPI2_IRQHandler
                0x1000244a                RSV19_IRQHandler
                0x1000244c                RSV20_IRQHandler
                0x1000244e                RSV21_IRQHandler
                0x10002450                RSV22_IRQHandler
                0x10002452                FLC0_IRQHandler
                0x10002456                GPIO1_IRQHandler
                0x10002458                RSV26_IRQHandler
                0x1000245a                RSV27_IRQHandler
                0x1000245c                DMA0_IRQHandler
                0x1000245e                DMA1_IRQHandler
                0x10002460                DMA2_IRQHandler
                0x10002462                DMA3_IRQHandler
                0x10002464                RSV32_IRQHandler
                0x10002466                RSV33_IRQHandler
                0x10002468                UART2_IRQHandler
                0x1000246a                RSV35_IRQHandler
                0x1000246c                I2C1_IRQHandler
                0x1000246e                RSV37_IRQHandler
                0x10002470                RSV38_IRQHandler
                0x10002472                RSV39_IRQHandler
                0x10002474                RSV40_IRQHandler
                0x10002476                RSV41_IRQHandler
                0x10002478                RSV42_IRQHandler
                0x1000247a                RSV43_IRQHandler
                0x1000247c                RSV44_IRQHandler
                0x1000247e                RSV45_IRQHandler
                0x10002480                RSV46_IRQHandler
                0x10002482                RSV47_IRQHandler
                0x10002484                RSV48_IRQHandler
                0x10002486                RSV49_IRQHandler
                0x10002488                RSV50_IRQHandler
                0x1000248a                RSV51_IRQHandler
                0x1000248c                RSV52_IRQHandler
                0x1000248e                RSV53_IRQHandler
                0x10002490                GPIOWAKE_IRQHandler
                0x10002492                RSV55_IRQHandler
                0x10002494                RSV56_IRQHandler
                0x10002496                WDT1_IRQHandler
                0x10002498                RSV57_IRQHandler
                0x1000249a                RSV58_IRQHandler
                0x1000249c                RSV59_IRQHandler
                0x1000249e                RSV61_IRQHandler
                0x100024a0                I2C2_IRQHandler
                0x100024a2                RSV63_IRQHandler
                0x100024a4                RSV64_IRQHandler
                0x100024a6                RSV65_IRQHandler
                0x100024a8                RSV66_IRQHandler
                0x100024aa                RSV67_IRQHandler
                0x100024ac                DMA4_IRQHandler
                0x100024ae                DMA5_IRQHandler
                0x100024b0                DMA6_IRQHandler
                0x100024b2                DMA7_IRQHandler
                0x100024b4                DMA8_IRQHandler
                0x100024b6                DMA9_IRQHandler
                0x100024b8                DMA10_IRQHandler
                0x100024ba                DMA11_IRQHandler
                0x100024bc                DMA12_IRQHandler
                0x100024be                DMA13_IRQHandler
                0x100024c0                DMA14_IRQHandler
                0x100024c2                DMA15_IRQHandler
                0x100024c4                RSV80_IRQHandler
                0x100024c6                RSV81_IRQHandler
                0x100024c8                ECC_IRQHandler
                0x100024ca                RSV83_IRQHandler
                0x100024cc                RSV84_IRQHandler
                0x100024ce                RSV85_IRQHandler
                0x100024d0                RSV86_IRQHandler
                0x100024d2                RSV87_IRQHandler
                0x100024d4                UART3_IRQHandler
                0x100024d6                RSV89_IRQHandler
                0x100024d8                RSV90_IRQHandler
                0x100024da                RSV91_IRQHandler
                0x100024dc                RSV92_IRQHandler
                0x100024de                RSV93_IRQHandler
                0x100024e0                RSV94_IRQHandler
                0x100024e2                RSV95_IRQHandler
                0x100024e4                RSV96_IRQHandler
                0x100024e6                AES_IRQHandler
                0x100024e8                CRC_IRQHandler
                0x100024ea                I2S_IRQHandler
 .text._sbrk    0x10002514       0x40 c:/Users/ADMIN/Desktop/BMS_ADBMS/ADBMS6830/build/heap.o
                0x10002514                _sbrk
 .text._getpid  0x10002554        0x6 c:/Users/ADMIN/Desktop/BMS_ADBMS/ADBMS6830/build/system_max32670.o
                0x10002554                _getpid
 .text._kill    0x1000255a        0x6 c:/Users/ADMIN/Desktop/BMS_ADBMS/ADBMS6830/build/system_max32670.o
                0x1000255a                _kill
 .text.SystemCoreClockUpdate
                0x10002560       0x8c c:/Users/ADMIN/Desktop/BMS_ADBMS/ADBMS6830/build/system_max32670.o
                0x10002560                SystemCoreClockUpdate
 .text.PreInit  0x100025ec        0x4 c:/Users/ADMIN/Desktop/BMS_ADBMS/ADBMS6830/build/system_max32670.o
                0x100025ec                PreInit
 .text.SystemInit
                0x100025f0       0x50 c:/Users/ADMIN/Desktop/BMS_ADBMS/ADBMS6830/build/system_max32670.o
                0x100025f0                SystemInit
 .text.MXC_DelayInit
                0x10002640       0x84 C:/MaximSDK/Libraries/PeriphDrivers/bin/MAX32670/softfp/libPeriphDriver_softfp.a(mxc_delay.o)
 .text.MXC_DelayAsync
                0x100026c4       0x44 C:/MaximSDK/Libraries/PeriphDrivers/bin/MAX32670/softfp/libPeriphDriver_softfp.a(mxc_delay.o)
                0x100026c4                MXC_DelayAsync
 .text.MXC_DelayAbort
                0x10002708       0x34 C:/MaximSDK/Libraries/PeriphDrivers/bin/MAX32670/softfp/libPeriphDriver_softfp.a(mxc_delay.o)
                0x10002708                MXC_DelayAbort
 .text.MXC_DelayCheck
                0x1000273c       0x64 C:/MaximSDK/Libraries/PeriphDrivers/bin/MAX32670/softfp/libPeriphDriver_softfp.a(mxc_delay.o)
                0x1000273c                MXC_DelayCheck
 .text.MXC_Delay
                0x100027a0       0x58 C:/MaximSDK/Libraries/PeriphDrivers/bin/MAX32670/softfp/libPeriphDriver_softfp.a(mxc_delay.o)
                0x100027a0                MXC_Delay
 .text.MXC_SYS_ClockDisable
                0x100027f8       0x48 C:/MaximSDK/Libraries/PeriphDrivers/bin/MAX32670/softfp/libPeriphDriver_softfp.a(sys_me15.o)
                0x100027f8                MXC_SYS_ClockDisable
 .text.MXC_SYS_ClockEnable
                0x10002840       0x50 C:/MaximSDK/Libraries/PeriphDrivers/bin/MAX32670/softfp/libPeriphDriver_softfp.a(sys_me15.o)
                0x10002840                MXC_SYS_ClockEnable
 .text.MXC_SYS_RTCClockEnable
                0x10002890       0x1c C:/MaximSDK/Libraries/PeriphDrivers/bin/MAX32670/softfp/libPeriphDriver_softfp.a(sys_me15.o)
                0x10002890                MXC_SYS_RTCClockEnable
 .text.MXC_SYS_Clock_Timeout
                0x100028ac       0x44 C:/MaximSDK/Libraries/PeriphDrivers/bin/MAX32670/softfp/libPeriphDriver_softfp.a(sys_me15.o)
                0x100028ac                MXC_SYS_Clock_Timeout
 .text.MXC_SYS_ClockSourceEnable
                0x100028f0       0x98 C:/MaximSDK/Libraries/PeriphDrivers/bin/MAX32670/softfp/libPeriphDriver_softfp.a(sys_me15.o)
                0x100028f0                MXC_SYS_ClockSourceEnable
 .text.MXC_SYS_Clock_Select
                0x10002988      0x172 C:/MaximSDK/Libraries/PeriphDrivers/bin/MAX32670/softfp/libPeriphDriver_softfp.a(sys_me15.o)
                0x10002988                MXC_SYS_Clock_Select
 *fill*         0x10002afa        0x2 
 .text.MXC_SYS_Reset_Periph
                0x10002afc       0x6c C:/MaximSDK/Libraries/PeriphDrivers/bin/MAX32670/softfp/libPeriphDriver_softfp.a(sys_me15.o)
                0x10002afc                MXC_SYS_Reset_Periph
 .text.MXC_GPIO_OutSet
                0x10002b68        0x8 C:/MaximSDK/Libraries/PeriphDrivers/bin/MAX32670/softfp/libPeriphDriver_softfp.a(gpio_me15.o)
                0x10002b68                MXC_GPIO_OutSet
 .text.MXC_GPIO_Handler
                0x10002b70        0x8 C:/MaximSDK/Libraries/PeriphDrivers/bin/MAX32670/softfp/libPeriphDriver_softfp.a(gpio_me15.o)
                0x10002b70                MXC_GPIO_Handler
 .text.MXC_GPIO_ClearFlags
                0x10002b78        0x8 C:/MaximSDK/Libraries/PeriphDrivers/bin/MAX32670/softfp/libPeriphDriver_softfp.a(gpio_me15.o)
                0x10002b78                MXC_GPIO_ClearFlags
 .text.MXC_GPIO_GetFlags
                0x10002b80        0x8 C:/MaximSDK/Libraries/PeriphDrivers/bin/MAX32670/softfp/libPeriphDriver_softfp.a(gpio_me15.o)
                0x10002b80                MXC_GPIO_GetFlags
 .text.MXC_GPIO_SetDriveStrength
                0x10002b88        0x8 C:/MaximSDK/Libraries/PeriphDrivers/bin/MAX32670/softfp/libPeriphDriver_softfp.a(gpio_me15.o)
                0x10002b88                MXC_GPIO_SetDriveStrength
 .text.MXC_GPIO_Config
                0x10002b90       0x6e C:/MaximSDK/Libraries/PeriphDrivers/bin/MAX32670/softfp/libPeriphDriver_softfp.a(gpio_me15.o)
                0x10002b90                MXC_GPIO_Config
 .text.MXC_GPIO_RevA_OutSet
                0x10002bfe        0x4 C:/MaximSDK/Libraries/PeriphDrivers/bin/MAX32670/softfp/libPeriphDriver_softfp.a(gpio_reva.o)
                0x10002bfe                MXC_GPIO_RevA_OutSet
 .text.MXC_GPIO_RevA_ClearFlags
                0x10002c02        0x4 C:/MaximSDK/Libraries/PeriphDrivers/bin/MAX32670/softfp/libPeriphDriver_softfp.a(gpio_reva.o)
                0x10002c02                MXC_GPIO_RevA_ClearFlags
 .text.MXC_GPIO_RevA_GetFlags
                0x10002c06        0x4 C:/MaximSDK/Libraries/PeriphDrivers/bin/MAX32670/softfp/libPeriphDriver_softfp.a(gpio_reva.o)
                0x10002c06                MXC_GPIO_RevA_GetFlags
 .text.MXC_GPIO_RevA_SetAF
                0x10002c0a       0x74 C:/MaximSDK/Libraries/PeriphDrivers/bin/MAX32670/softfp/libPeriphDriver_softfp.a(gpio_reva.o)
                0x10002c0a                MXC_GPIO_RevA_SetAF
 .text.MXC_GPIO_RevA_SetDriveStrength
                0x10002c7e       0x88 C:/MaximSDK/Libraries/PeriphDrivers/bin/MAX32670/softfp/libPeriphDriver_softfp.a(gpio_reva.o)
                0x10002c7e                MXC_GPIO_RevA_SetDriveStrength
 *fill*         0x10002d06        0x2 
 .text.MXC_SPI_Init
                0x10002d08       0xd8 C:/MaximSDK/Libraries/PeriphDrivers/bin/MAX32670/softfp/libPeriphDriver_softfp.a(spi_me15.o)
                0x10002d08                MXC_SPI_Init
 .text.MXC_SPI_GetPeripheralClock
                0x10002de0       0x2c C:/MaximSDK/Libraries/PeriphDrivers/bin/MAX32670/softfp/libPeriphDriver_softfp.a(spi_me15.o)
                0x10002de0                MXC_SPI_GetPeripheralClock
 .text.MXC_SPI_SetFrequency
                0x10002e0c        0x8 C:/MaximSDK/Libraries/PeriphDrivers/bin/MAX32670/softfp/libPeriphDriver_softfp.a(spi_me15.o)
                0x10002e0c                MXC_SPI_SetFrequency
 .text.MXC_SPI_SetDataSize
                0x10002e14        0x8 C:/MaximSDK/Libraries/PeriphDrivers/bin/MAX32670/softfp/libPeriphDriver_softfp.a(spi_me15.o)
                0x10002e14                MXC_SPI_SetDataSize
 .text.MXC_SPI_GetDataSize
                0x10002e1c        0x8 C:/MaximSDK/Libraries/PeriphDrivers/bin/MAX32670/softfp/libPeriphDriver_softfp.a(spi_me15.o)
                0x10002e1c                MXC_SPI_GetDataSize
 .text.MXC_SPI_SetSlave
                0x10002e24        0x8 C:/MaximSDK/Libraries/PeriphDrivers/bin/MAX32670/softfp/libPeriphDriver_softfp.a(spi_me15.o)
                0x10002e24                MXC_SPI_SetSlave
 .text.MXC_SPI_GetWidth
                0x10002e2c        0x8 C:/MaximSDK/Libraries/PeriphDrivers/bin/MAX32670/softfp/libPeriphDriver_softfp.a(spi_me15.o)
                0x10002e2c                MXC_SPI_GetWidth
 .text.MXC_SPI_SetMode
                0x10002e34        0x8 C:/MaximSDK/Libraries/PeriphDrivers/bin/MAX32670/softfp/libPeriphDriver_softfp.a(spi_me15.o)
                0x10002e34                MXC_SPI_SetMode
 .text.MXC_SPI_StartTransmission
                0x10002e3c        0x8 C:/MaximSDK/Libraries/PeriphDrivers/bin/MAX32670/softfp/libPeriphDriver_softfp.a(spi_me15.o)
                0x10002e3c                MXC_SPI_StartTransmission
 .text.MXC_SPI_GetActive
                0x10002e44        0x8 C:/MaximSDK/Libraries/PeriphDrivers/bin/MAX32670/softfp/libPeriphDriver_softfp.a(spi_me15.o)
                0x10002e44                MXC_SPI_GetActive
 .text.MXC_SPI_ReadRXFIFO
                0x10002e4c        0x8 C:/MaximSDK/Libraries/PeriphDrivers/bin/MAX32670/softfp/libPeriphDriver_softfp.a(spi_me15.o)
                0x10002e4c                MXC_SPI_ReadRXFIFO
 .text.MXC_SPI_GetRXFIFOAvailable
                0x10002e54        0x8 C:/MaximSDK/Libraries/PeriphDrivers/bin/MAX32670/softfp/libPeriphDriver_softfp.a(spi_me15.o)
                0x10002e54                MXC_SPI_GetRXFIFOAvailable
 .text.MXC_SPI_WriteTXFIFO
                0x10002e5c        0x8 C:/MaximSDK/Libraries/PeriphDrivers/bin/MAX32670/softfp/libPeriphDriver_softfp.a(spi_me15.o)
                0x10002e5c                MXC_SPI_WriteTXFIFO
 .text.MXC_SPI_GetTXFIFOAvailable
                0x10002e64        0x8 C:/MaximSDK/Libraries/PeriphDrivers/bin/MAX32670/softfp/libPeriphDriver_softfp.a(spi_me15.o)
                0x10002e64                MXC_SPI_GetTXFIFOAvailable
 .text.MXC_SPI_SetRXThreshold
                0x10002e6c        0x8 C:/MaximSDK/Libraries/PeriphDrivers/bin/MAX32670/softfp/libPeriphDriver_softfp.a(spi_me15.o)
                0x10002e6c                MXC_SPI_SetRXThreshold
 .text.MXC_SPI_SetTXThreshold
                0x10002e74        0x8 C:/MaximSDK/Libraries/PeriphDrivers/bin/MAX32670/softfp/libPeriphDriver_softfp.a(spi_me15.o)
                0x10002e74                MXC_SPI_SetTXThreshold
 .text.MXC_SPI_MasterTransaction
                0x10002e7c        0x8 C:/MaximSDK/Libraries/PeriphDrivers/bin/MAX32670/softfp/libPeriphDriver_softfp.a(spi_me15.o)
                0x10002e7c                MXC_SPI_MasterTransaction
 .text.MXC_SPI_RevA1_TransSetup
                0x10002e84      0x1d0 C:/MaximSDK/Libraries/PeriphDrivers/bin/MAX32670/softfp/libPeriphDriver_softfp.a(spi_reva1.o)
 .text.MXC_SPI_RevA1_TransHandler
                0x10003054      0x198 C:/MaximSDK/Libraries/PeriphDrivers/bin/MAX32670/softfp/libPeriphDriver_softfp.a(spi_reva1.o)
 .text.MXC_SPI_RevA1_MasterTransHandler
                0x100031ec       0xa4 C:/MaximSDK/Libraries/PeriphDrivers/bin/MAX32670/softfp/libPeriphDriver_softfp.a(spi_reva1.o)
 .text.MXC_SPI_RevA1_Init
                0x10003290      0x110 C:/MaximSDK/Libraries/PeriphDrivers/bin/MAX32670/softfp/libPeriphDriver_softfp.a(spi_reva1.o)
                0x10003290                MXC_SPI_RevA1_Init
 .text.MXC_SPI_RevA1_SetFrequency
                0x100033a0       0x84 C:/MaximSDK/Libraries/PeriphDrivers/bin/MAX32670/softfp/libPeriphDriver_softfp.a(spi_reva1.o)
                0x100033a0                MXC_SPI_RevA1_SetFrequency
 .text.MXC_SPI_RevA1_SetDataSize
                0x10003424       0xa8 C:/MaximSDK/Libraries/PeriphDrivers/bin/MAX32670/softfp/libPeriphDriver_softfp.a(spi_reva1.o)
                0x10003424                MXC_SPI_RevA1_SetDataSize
 .text.MXC_SPI_RevA1_GetDataSize
                0x100034cc       0x14 C:/MaximSDK/Libraries/PeriphDrivers/bin/MAX32670/softfp/libPeriphDriver_softfp.a(spi_reva1.o)
                0x100034cc                MXC_SPI_RevA1_GetDataSize
 .text.MXC_SPI_RevA1_SetSlave
                0x100034e0       0x80 C:/MaximSDK/Libraries/PeriphDrivers/bin/MAX32670/softfp/libPeriphDriver_softfp.a(spi_reva1.o)
                0x100034e0                MXC_SPI_RevA1_SetSlave
 .text.MXC_SPI_RevA1_GetWidth
                0x10003560       0x28 C:/MaximSDK/Libraries/PeriphDrivers/bin/MAX32670/softfp/libPeriphDriver_softfp.a(spi_reva1.o)
                0x10003560                MXC_SPI_RevA1_GetWidth
 .text.MXC_SPI_RevA1_SetMode
                0x10003588       0x56 C:/MaximSDK/Libraries/PeriphDrivers/bin/MAX32670/softfp/libPeriphDriver_softfp.a(spi_reva1.o)
                0x10003588                MXC_SPI_RevA1_SetMode
 .text.MXC_SPI_RevA1_StartTransmission
                0x100035de       0x1a C:/MaximSDK/Libraries/PeriphDrivers/bin/MAX32670/softfp/libPeriphDriver_softfp.a(spi_reva1.o)
                0x100035de                MXC_SPI_RevA1_StartTransmission
 .text.MXC_SPI_RevA1_GetActive
                0x100035f8       0x12 C:/MaximSDK/Libraries/PeriphDrivers/bin/MAX32670/softfp/libPeriphDriver_softfp.a(spi_reva1.o)
                0x100035f8                MXC_SPI_RevA1_GetActive
 .text.MXC_SPI_RevA1_ReadRXFIFO
                0x1000360a       0x64 C:/MaximSDK/Libraries/PeriphDrivers/bin/MAX32670/softfp/libPeriphDriver_softfp.a(spi_reva1.o)
                0x1000360a                MXC_SPI_RevA1_ReadRXFIFO
 .text.MXC_SPI_RevA1_GetRXFIFOAvailable
                0x1000366e        0x8 C:/MaximSDK/Libraries/PeriphDrivers/bin/MAX32670/softfp/libPeriphDriver_softfp.a(spi_reva1.o)
                0x1000366e                MXC_SPI_RevA1_GetRXFIFOAvailable
 .text.MXC_SPI_RevA1_WriteTXFIFO
                0x10003676       0x60 C:/MaximSDK/Libraries/PeriphDrivers/bin/MAX32670/softfp/libPeriphDriver_softfp.a(spi_reva1.o)
                0x10003676                MXC_SPI_RevA1_WriteTXFIFO
 .text.MXC_SPI_RevA1_GetTXFIFOAvailable
                0x100036d6        0xc C:/MaximSDK/Libraries/PeriphDrivers/bin/MAX32670/softfp/libPeriphDriver_softfp.a(spi_reva1.o)
                0x100036d6                MXC_SPI_RevA1_GetTXFIFOAvailable
 .text.MXC_SPI_RevA1_SetRXThreshold
                0x100036e2       0x1e C:/MaximSDK/Libraries/PeriphDrivers/bin/MAX32670/softfp/libPeriphDriver_softfp.a(spi_reva1.o)
                0x100036e2                MXC_SPI_RevA1_SetRXThreshold
 .text.MXC_SPI_RevA1_SetTXThreshold
                0x10003700       0x1e C:/MaximSDK/Libraries/PeriphDrivers/bin/MAX32670/softfp/libPeriphDriver_softfp.a(spi_reva1.o)
                0x10003700                MXC_SPI_RevA1_SetTXThreshold
 *fill*         0x1000371e        0x2 
 .text.MXC_SPI_RevA1_MasterTransaction
                0x10003720       0x68 C:/MaximSDK/Libraries/PeriphDrivers/bin/MAX32670/softfp/libPeriphDriver_softfp.a(spi_reva1.o)
                0x10003720                MXC_SPI_RevA1_MasterTransaction
 .text.MXC_UART_Shutdown
                0x10003788       0x80 C:/MaximSDK/Libraries/PeriphDrivers/bin/MAX32670/softfp/libPeriphDriver_softfp.a(uart_me15.o)
                0x10003788                MXC_UART_Shutdown
 .text.MXC_UART_Init
                0x10003808       0xec C:/MaximSDK/Libraries/PeriphDrivers/bin/MAX32670/softfp/libPeriphDriver_softfp.a(uart_me15.o)
                0x10003808                MXC_UART_Init
 .text.MXC_UART_GetFrequency
                0x100038f4       0xa8 C:/MaximSDK/Libraries/PeriphDrivers/bin/MAX32670/softfp/libPeriphDriver_softfp.a(uart_me15.o)
                0x100038f4                MXC_UART_GetFrequency
 .text.MXC_UART_SetFrequency
                0x1000399c      0x124 C:/MaximSDK/Libraries/PeriphDrivers/bin/MAX32670/softfp/libPeriphDriver_softfp.a(uart_me15.o)
                0x1000399c                MXC_UART_SetFrequency
 .text.MXC_UART_SetDataSize
                0x10003ac0        0x8 C:/MaximSDK/Libraries/PeriphDrivers/bin/MAX32670/softfp/libPeriphDriver_softfp.a(uart_me15.o)
                0x10003ac0                MXC_UART_SetDataSize
 .text.MXC_UART_SetStopBits
                0x10003ac8        0x8 C:/MaximSDK/Libraries/PeriphDrivers/bin/MAX32670/softfp/libPeriphDriver_softfp.a(uart_me15.o)
                0x10003ac8                MXC_UART_SetStopBits
 .text.MXC_UART_SetParity
                0x10003ad0        0x8 C:/MaximSDK/Libraries/PeriphDrivers/bin/MAX32670/softfp/libPeriphDriver_softfp.a(uart_me15.o)
                0x10003ad0                MXC_UART_SetParity
 .text.MXC_UART_ReadCharacterRaw
                0x10003ad8        0x8 C:/MaximSDK/Libraries/PeriphDrivers/bin/MAX32670/softfp/libPeriphDriver_softfp.a(uart_me15.o)
                0x10003ad8                MXC_UART_ReadCharacterRaw
 .text.MXC_UART_WriteCharacterRaw
                0x10003ae0        0x8 C:/MaximSDK/Libraries/PeriphDrivers/bin/MAX32670/softfp/libPeriphDriver_softfp.a(uart_me15.o)
                0x10003ae0                MXC_UART_WriteCharacterRaw
 .text.MXC_UART_ReadCharacter
                0x10003ae8        0x8 C:/MaximSDK/Libraries/PeriphDrivers/bin/MAX32670/softfp/libPeriphDriver_softfp.a(uart_me15.o)
                0x10003ae8                MXC_UART_ReadCharacter
 .text.MXC_UART_WriteCharacter
                0x10003af0        0x8 C:/MaximSDK/Libraries/PeriphDrivers/bin/MAX32670/softfp/libPeriphDriver_softfp.a(uart_me15.o)
                0x10003af0                MXC_UART_WriteCharacter
 .text.MXC_UART_GetRXFIFOAvailable
                0x10003af8        0x8 C:/MaximSDK/Libraries/PeriphDrivers/bin/MAX32670/softfp/libPeriphDriver_softfp.a(uart_me15.o)
                0x10003af8                MXC_UART_GetRXFIFOAvailable
 .text.MXC_UART_GetTXFIFOAvailable
                0x10003b00        0x8 C:/MaximSDK/Libraries/PeriphDrivers/bin/MAX32670/softfp/libPeriphDriver_softfp.a(uart_me15.o)
                0x10003b00                MXC_UART_GetTXFIFOAvailable
 .text.MXC_UART_SetRXThreshold
                0x10003b08        0x8 C:/MaximSDK/Libraries/PeriphDrivers/bin/MAX32670/softfp/libPeriphDriver_softfp.a(uart_me15.o)
                0x10003b08                MXC_UART_SetRXThreshold
 .text.MXC_UART_RevB_Init
                0x10003b10       0xe4 C:/MaximSDK/Libraries/PeriphDrivers/bin/MAX32670/softfp/libPeriphDriver_softfp.a(uart_revb.o)
                0x10003b10                MXC_UART_RevB_Init
 .text.MXC_UART_RevB_SetFrequency
                0x10003bf4       0x88 C:/MaximSDK/Libraries/PeriphDrivers/bin/MAX32670/softfp/libPeriphDriver_softfp.a(uart_revb.o)
                0x10003bf4                MXC_UART_RevB_SetFrequency
 .text.MXC_UART_RevB_GetFrequency
                0x10003c7c       0x5c C:/MaximSDK/Libraries/PeriphDrivers/bin/MAX32670/softfp/libPeriphDriver_softfp.a(uart_revb.o)
                0x10003c7c                MXC_UART_RevB_GetFrequency
 .text.MXC_UART_RevB_SetDataSize
                0x10003cd8       0x20 C:/MaximSDK/Libraries/PeriphDrivers/bin/MAX32670/softfp/libPeriphDriver_softfp.a(uart_revb.o)
                0x10003cd8                MXC_UART_RevB_SetDataSize
 .text.MXC_UART_RevB_SetStopBits
                0x10003cf8       0x24 C:/MaximSDK/Libraries/PeriphDrivers/bin/MAX32670/softfp/libPeriphDriver_softfp.a(uart_revb.o)
                0x10003cf8                MXC_UART_RevB_SetStopBits
 .text.MXC_UART_RevB_SetParity
                0x10003d1c       0x90 C:/MaximSDK/Libraries/PeriphDrivers/bin/MAX32670/softfp/libPeriphDriver_softfp.a(uart_revb.o)
                0x10003d1c                MXC_UART_RevB_SetParity
 .text.MXC_UART_RevB_ReadCharacterRaw
                0x10003dac       0x12 C:/MaximSDK/Libraries/PeriphDrivers/bin/MAX32670/softfp/libPeriphDriver_softfp.a(uart_revb.o)
                0x10003dac                MXC_UART_RevB_ReadCharacterRaw
 .text.MXC_UART_RevB_WriteCharacterRaw
                0x10003dbe       0x14 C:/MaximSDK/Libraries/PeriphDrivers/bin/MAX32670/softfp/libPeriphDriver_softfp.a(uart_revb.o)
                0x10003dbe                MXC_UART_RevB_WriteCharacterRaw
 .text.MXC_UART_RevB_GetRXFIFOAvailable
                0x10003dd2        0x8 C:/MaximSDK/Libraries/PeriphDrivers/bin/MAX32670/softfp/libPeriphDriver_softfp.a(uart_revb.o)
                0x10003dd2                MXC_UART_RevB_GetRXFIFOAvailable
 .text.MXC_UART_RevB_GetTXFIFOAvailable
                0x10003dda        0xc C:/MaximSDK/Libraries/PeriphDrivers/bin/MAX32670/softfp/libPeriphDriver_softfp.a(uart_revb.o)
                0x10003dda                MXC_UART_RevB_GetTXFIFOAvailable
 .text.MXC_UART_RevB_SetRXThreshold
                0x10003de6       0x1e C:/MaximSDK/Libraries/PeriphDrivers/bin/MAX32670/softfp/libPeriphDriver_softfp.a(uart_revb.o)
                0x10003de6                MXC_UART_RevB_SetRXThreshold
 .text.MXC_FreeLock
                0x10003e04        0xa C:/MaximSDK/Libraries/PeriphDrivers/bin/MAX32670/softfp/libPeriphDriver_softfp.a(mxc_lock.o)
                0x10003e04                MXC_FreeLock
 *fill*         0x10003e0e        0x2 
 .text.MXC_GPIO_Common_Handler
                0x10003e10       0x78 C:/MaximSDK/Libraries/PeriphDrivers/bin/MAX32670/softfp/libPeriphDriver_softfp.a(gpio_common.o)
                0x10003e10                MXC_GPIO_Common_Handler
 .text.MXC_UART_Common_ReadCharacter
                0x10003e88       0x16 C:/MaximSDK/Libraries/PeriphDrivers/bin/MAX32670/softfp/libPeriphDriver_softfp.a(uart_common.o)
                0x10003e88                MXC_UART_Common_ReadCharacter
 .text.MXC_UART_Common_WriteCharacter
                0x10003e9e       0x1a C:/MaximSDK/Libraries/PeriphDrivers/bin/MAX32670/softfp/libPeriphDriver_softfp.a(uart_common.o)
                0x10003e9e                MXC_UART_Common_WriteCharacter
 .text.calloc   0x10003eb8       0x18 c:/maximsdk/tools/gnutools/10.3/bin/../lib/gcc/arm-none-eabi/10.3.1/../../../../arm-none-eabi/lib/thumb/v7e-m+fp/softfp\libc.a(lib_a-calloc.o)
                0x10003eb8                calloc
 .text._calloc_r
                0x10003ed0       0x78 c:/maximsdk/tools/gnutools/10.3/bin/../lib/gcc/arm-none-eabi/10.3.1/../../../../arm-none-eabi/lib/thumb/v7e-m+fp/softfp\libc.a(lib_a-callocr.o)
                0x10003ed0                _calloc_r
 .text.__errno  0x10003f48        0xc c:/maximsdk/tools/gnutools/10.3/bin/../lib/gcc/arm-none-eabi/10.3.1/../../../../arm-none-eabi/lib/thumb/v7e-m+fp/softfp\libc.a(lib_a-errno.o)
                0x10003f48                __errno
 .text.__libc_init_array
                0x10003f54       0x48 c:/maximsdk/tools/gnutools/10.3/bin/../lib/gcc/arm-none-eabi/10.3.1/../../../../arm-none-eabi/lib/thumb/v7e-m+fp/softfp\libc.a(lib_a-init.o)
                0x10003f54                __libc_init_array
 .text.malloc   0x10003f9c       0x10 c:/maximsdk/tools/gnutools/10.3/bin/../lib/gcc/arm-none-eabi/10.3.1/../../../../arm-none-eabi/lib/thumb/v7e-m+fp/softfp\libc.a(lib_a-malloc.o)
                0x10003f9c                malloc
 .text.free     0x10003fac       0x10 c:/maximsdk/tools/gnutools/10.3/bin/../lib/gcc/arm-none-eabi/10.3.1/../../../../arm-none-eabi/lib/thumb/v7e-m+fp/softfp\libc.a(lib_a-malloc.o)
                0x10003fac                free
 .text._malloc_r
                0x10003fbc      0x560 c:/maximsdk/tools/gnutools/10.3/bin/../lib/gcc/arm-none-eabi/10.3.1/../../../../arm-none-eabi/lib/thumb/v7e-m+fp/softfp\libc.a(lib_a-mallocr.o)
                0x10003fbc                _malloc_r
 .text          0x1000451c      0x134 c:/maximsdk/tools/gnutools/10.3/bin/../lib/gcc/arm-none-eabi/10.3.1/../../../../arm-none-eabi/lib/thumb/v7e-m+fp/softfp\libc.a(lib_a-memcpy.o)
                0x1000451c                memcpy
 .text.memset   0x10004650       0xa4 c:/maximsdk/tools/gnutools/10.3/bin/../lib/gcc/arm-none-eabi/10.3.1/../../../../arm-none-eabi/lib/thumb/v7e-m+fp/softfp\libc.a(lib_a-memset.o)
                0x10004650                memset
 .text.__malloc_lock
                0x100046f4        0xc c:/maximsdk/tools/gnutools/10.3/bin/../lib/gcc/arm-none-eabi/10.3.1/../../../../arm-none-eabi/lib/thumb/v7e-m+fp/softfp\libc.a(lib_a-mlock.o)
                0x100046f4                __malloc_lock
 .text.__malloc_unlock
                0x10004700        0xc c:/maximsdk/tools/gnutools/10.3/bin/../lib/gcc/arm-none-eabi/10.3.1/../../../../arm-none-eabi/lib/thumb/v7e-m+fp/softfp\libc.a(lib_a-mlock.o)
                0x10004700                __malloc_unlock
 .text.printf   0x1000470c       0x28 c:/maximsdk/tools/gnutools/10.3/bin/../lib/gcc/arm-none-eabi/10.3.1/../../../../arm-none-eabi/lib/thumb/v7e-m+fp/softfp\libc.a(lib_a-printf.o)
                0x1000470c                printf
 .text.putchar  0x10004734       0x10 c:/maximsdk/tools/gnutools/10.3/bin/../lib/gcc/arm-none-eabi/10.3.1/../../../../arm-none-eabi/lib/thumb/v7e-m+fp/softfp\libc.a(lib_a-putchar.o)
                0x10004734                putchar
 .text._puts_r  0x10004744       0x9c c:/maximsdk/tools/gnutools/10.3/bin/../lib/gcc/arm-none-eabi/10.3.1/../../../../arm-none-eabi/lib/thumb/v7e-m+fp/softfp\libc.a(lib_a-puts.o)
                0x10004744                _puts_r
 .text.puts     0x100047e0       0x10 c:/maximsdk/tools/gnutools/10.3/bin/../lib/gcc/arm-none-eabi/10.3.1/../../../../arm-none-eabi/lib/thumb/v7e-m+fp/softfp\libc.a(lib_a-puts.o)
                0x100047e0                puts
 .text._sbrk_r  0x100047f0       0x24 c:/maximsdk/tools/gnutools/10.3/bin/../lib/gcc/arm-none-eabi/10.3.1/../../../../arm-none-eabi/lib/thumb/v7e-m+fp/softfp\libc.a(lib_a-sbrkr.o)
                0x100047f0                _sbrk_r
 .text.scanf    0x10004814       0x28 c:/maximsdk/tools/gnutools/10.3/bin/../lib/gcc/arm-none-eabi/10.3.1/../../../../arm-none-eabi/lib/thumb/v7e-m+fp/softfp\libc.a(lib_a-scanf.o)
                0x10004814                scanf
 *fill*         0x1000483c        0x4 
 .text          0x10004840       0xdc c:/maximsdk/tools/gnutools/10.3/bin/../lib/gcc/arm-none-eabi/10.3.1/../../../../arm-none-eabi/lib/thumb/v7e-m+fp/softfp\libc.a(lib_a-strlen.o)
                0x10004840                strlen
 *fill*         0x1000491c        0x4 
 .text._vfprintf_r
                0x10004920     0x1b8c c:/maximsdk/tools/gnutools/10.3/bin/../lib/gcc/arm-none-eabi/10.3.1/../../../../arm-none-eabi/lib/thumb/v7e-m+fp/softfp\libc.a(lib_a-vfprintf.o)
                0x10004920                _vfprintf_r
 .text.__sbprintf
                0x100064ac       0x80 c:/maximsdk/tools/gnutools/10.3/bin/../lib/gcc/arm-none-eabi/10.3.1/../../../../arm-none-eabi/lib/thumb/v7e-m+fp/softfp\libc.a(lib_a-vfprintf.o)
 .text.__svfscanf_r
                0x1000652c     0x17cc c:/maximsdk/tools/gnutools/10.3/bin/../lib/gcc/arm-none-eabi/10.3.1/../../../../arm-none-eabi/lib/thumb/v7e-m+fp/softfp\libc.a(lib_a-vfscanf.o)
                0x1000652c                __svfscanf_r
 .text._vfscanf_r
                0x10007cf8       0x34 c:/maximsdk/tools/gnutools/10.3/bin/../lib/gcc/arm-none-eabi/10.3.1/../../../../arm-none-eabi/lib/thumb/v7e-m+fp/softfp\libc.a(lib_a-vfscanf.o)
                0x10007cf8                _vfscanf_r
 .text.__swsetup_r
                0x10007d2c       0xd4 c:/maximsdk/tools/gnutools/10.3/bin/../lib/gcc/arm-none-eabi/10.3.1/../../../../arm-none-eabi/lib/thumb/v7e-m+fp/softfp\libc.a(lib_a-wsetup.o)
                0x10007d2c                __swsetup_r
 .text.startup.register_fini
                0x10007e00       0x14 c:/maximsdk/tools/gnutools/10.3/bin/../lib/gcc/arm-none-eabi/10.3.1/../../../../arm-none-eabi/lib/thumb/v7e-m+fp/softfp\libc.a(lib_a-__call_atexit.o)
 .text.atexit   0x10007e14        0xc c:/maximsdk/tools/gnutools/10.3/bin/../lib/gcc/arm-none-eabi/10.3.1/../../../../arm-none-eabi/lib/thumb/v7e-m+fp/softfp\libc.a(lib_a-atexit.o)
                0x10007e14                atexit
 .text.quorem   0x10007e20      0x128 c:/maximsdk/tools/gnutools/10.3/bin/../lib/gcc/arm-none-eabi/10.3.1/../../../../arm-none-eabi/lib/thumb/v7e-m+fp/softfp\libc.a(lib_a-dtoa.o)
 .text._dtoa_r  0x10007f48      0xf34 c:/maximsdk/tools/gnutools/10.3/bin/../lib/gcc/arm-none-eabi/10.3.1/../../../../arm-none-eabi/lib/thumb/v7e-m+fp/softfp\libc.a(lib_a-dtoa.o)
                0x10007f48                _dtoa_r
 .text.__sflush_r
                0x10008e7c      0x130 c:/maximsdk/tools/gnutools/10.3/bin/../lib/gcc/arm-none-eabi/10.3.1/../../../../arm-none-eabi/lib/thumb/v7e-m+fp/softfp\libc.a(lib_a-fflush.o)
                0x10008e7c                __sflush_r
 .text._fflush_r
                0x10008fac       0x5c c:/maximsdk/tools/gnutools/10.3/bin/../lib/gcc/arm-none-eabi/10.3.1/../../../../arm-none-eabi/lib/thumb/v7e-m+fp/softfp\libc.a(lib_a-fflush.o)
                0x10008fac                _fflush_r
 .text.fflush   0x10009008       0x74 c:/maximsdk/tools/gnutools/10.3/bin/../lib/gcc/arm-none-eabi/10.3.1/../../../../arm-none-eabi/lib/thumb/v7e-m+fp/softfp\libc.a(lib_a-fflush.o)
                0x10009008                fflush
 .text._cleanup_r
                0x1000907c        0xc c:/maximsdk/tools/gnutools/10.3/bin/../lib/gcc/arm-none-eabi/10.3.1/../../../../arm-none-eabi/lib/thumb/v7e-m+fp/softfp\libc.a(lib_a-findfp.o)
                0x1000907c                _cleanup_r
 .text.__sinit  0x10009088      0x10c c:/maximsdk/tools/gnutools/10.3/bin/../lib/gcc/arm-none-eabi/10.3.1/../../../../arm-none-eabi/lib/thumb/v7e-m+fp/softfp\libc.a(lib_a-findfp.o)
                0x10009088                __sinit
 .text.__sfp_lock_acquire
                0x10009194        0xc c:/maximsdk/tools/gnutools/10.3/bin/../lib/gcc/arm-none-eabi/10.3.1/../../../../arm-none-eabi/lib/thumb/v7e-m+fp/softfp\libc.a(lib_a-findfp.o)
                0x10009194                __sfp_lock_acquire
 .text.__sfp_lock_release
                0x100091a0        0xc c:/maximsdk/tools/gnutools/10.3/bin/../lib/gcc/arm-none-eabi/10.3.1/../../../../arm-none-eabi/lib/thumb/v7e-m+fp/softfp\libc.a(lib_a-findfp.o)
                0x100091a0                __sfp_lock_release
 .text.__libc_fini_array
                0x100091ac       0x2c c:/maximsdk/tools/gnutools/10.3/bin/../lib/gcc/arm-none-eabi/10.3.1/../../../../arm-none-eabi/lib/thumb/v7e-m+fp/softfp\libc.a(lib_a-fini.o)
                0x100091ac                __libc_fini_array
 .text._fread_r
                0x100091d8      0x1b4 c:/maximsdk/tools/gnutools/10.3/bin/../lib/gcc/arm-none-eabi/10.3.1/../../../../arm-none-eabi/lib/thumb/v7e-m+fp/softfp\libc.a(lib_a-fread.o)
                0x100091d8                _fread_r
 .text._malloc_trim_r
                0x1000938c       0xa0 c:/maximsdk/tools/gnutools/10.3/bin/../lib/gcc/arm-none-eabi/10.3.1/../../../../arm-none-eabi/lib/thumb/v7e-m+fp/softfp\libc.a(lib_a-freer.o)
                0x1000938c                _malloc_trim_r
 .text._free_r  0x1000942c      0x20c c:/maximsdk/tools/gnutools/10.3/bin/../lib/gcc/arm-none-eabi/10.3.1/../../../../arm-none-eabi/lib/thumb/v7e-m+fp/softfp\libc.a(lib_a-freer.o)
                0x1000942c                _free_r
 .text.__sfvwrite_r
                0x10009638      0x2f0 c:/maximsdk/tools/gnutools/10.3/bin/../lib/gcc/arm-none-eabi/10.3.1/../../../../arm-none-eabi/lib/thumb/v7e-m+fp/softfp\libc.a(lib_a-fvwrite.o)
                0x10009638                __sfvwrite_r
 .text._fwalk   0x10009928       0x40 c:/maximsdk/tools/gnutools/10.3/bin/../lib/gcc/arm-none-eabi/10.3.1/../../../../arm-none-eabi/lib/thumb/v7e-m+fp/softfp\libc.a(lib_a-fwalk.o)
                0x10009928                _fwalk
 .text._fwalk_reent
                0x10009968       0x48 c:/maximsdk/tools/gnutools/10.3/bin/../lib/gcc/arm-none-eabi/10.3.1/../../../../arm-none-eabi/lib/thumb/v7e-m+fp/softfp\libc.a(lib_a-fwalk.o)
                0x10009968                _fwalk_reent
 .text.iswspace
                0x100099b0        0x8 c:/maximsdk/tools/gnutools/10.3/bin/../lib/gcc/arm-none-eabi/10.3.1/../../../../arm-none-eabi/lib/thumb/v7e-m+fp/softfp\libc.a(lib_a-iswspace.o)
                0x100099b0                iswspace
 .text.iswspace_l
                0x100099b8       0x14 c:/maximsdk/tools/gnutools/10.3/bin/../lib/gcc/arm-none-eabi/10.3.1/../../../../arm-none-eabi/lib/thumb/v7e-m+fp/softfp\libc.a(lib_a-iswspace_l.o)
                0x100099b8                iswspace_l
 .text.__locale_mb_cur_max
                0x100099cc        0xc c:/maximsdk/tools/gnutools/10.3/bin/../lib/gcc/arm-none-eabi/10.3.1/../../../../arm-none-eabi/lib/thumb/v7e-m+fp/softfp\libc.a(lib_a-locale.o)
                0x100099cc                __locale_mb_cur_max
 .text._localeconv_r
                0x100099d8        0x8 c:/maximsdk/tools/gnutools/10.3/bin/../lib/gcc/arm-none-eabi/10.3.1/../../../../arm-none-eabi/lib/thumb/v7e-m+fp/softfp\libc.a(lib_a-localeconv.o)
                0x100099d8                _localeconv_r
 .text.__retarget_lock_init_recursive
                0x100099e0        0x4 c:/maximsdk/tools/gnutools/10.3/bin/../lib/gcc/arm-none-eabi/10.3.1/../../../../arm-none-eabi/lib/thumb/v7e-m+fp/softfp\libc.a(lib_a-lock.o)
                0x100099e0                __retarget_lock_init_recursive
 .text.__retarget_lock_close_recursive
                0x100099e4        0x4 c:/maximsdk/tools/gnutools/10.3/bin/../lib/gcc/arm-none-eabi/10.3.1/../../../../arm-none-eabi/lib/thumb/v7e-m+fp/softfp\libc.a(lib_a-lock.o)
                0x100099e4                __retarget_lock_close_recursive
 .text.__retarget_lock_acquire_recursive
                0x100099e8        0x4 c:/maximsdk/tools/gnutools/10.3/bin/../lib/gcc/arm-none-eabi/10.3.1/../../../../arm-none-eabi/lib/thumb/v7e-m+fp/softfp\libc.a(lib_a-lock.o)
                0x100099e8                __retarget_lock_acquire_recursive
 .text.__retarget_lock_release_recursive
                0x100099ec        0x4 c:/maximsdk/tools/gnutools/10.3/bin/../lib/gcc/arm-none-eabi/10.3.1/../../../../arm-none-eabi/lib/thumb/v7e-m+fp/softfp\libc.a(lib_a-lock.o)
                0x100099ec                __retarget_lock_release_recursive
 .text.__smakebuf_r
                0x100099f0       0xe0 c:/maximsdk/tools/gnutools/10.3/bin/../lib/gcc/arm-none-eabi/10.3.1/../../../../arm-none-eabi/lib/thumb/v7e-m+fp/softfp\libc.a(lib_a-makebuf.o)
                0x100099f0                __smakebuf_r
 .text._mbrtowc_r
                0x10009ad0       0x44 c:/maximsdk/tools/gnutools/10.3/bin/../lib/gcc/arm-none-eabi/10.3.1/../../../../arm-none-eabi/lib/thumb/v7e-m+fp/softfp\libc.a(lib_a-mbrtowc.o)
                0x10009ad0                _mbrtowc_r
 .text.__ascii_mbtowc
                0x10009b14       0x2c c:/maximsdk/tools/gnutools/10.3/bin/../lib/gcc/arm-none-eabi/10.3.1/../../../../arm-none-eabi/lib/thumb/v7e-m+fp/softfp\libc.a(lib_a-mbtowc_r.o)
                0x10009b14                __ascii_mbtowc
 .text          0x10009b40       0xa0 c:/maximsdk/tools/gnutools/10.3/bin/../lib/gcc/arm-none-eabi/10.3.1/../../../../arm-none-eabi/lib/thumb/v7e-m+fp/softfp\libc.a(lib_a-memchr.o)
                0x10009b40                memchr
 .text.memmove  0x10009be0       0xf8 c:/maximsdk/tools/gnutools/10.3/bin/../lib/gcc/arm-none-eabi/10.3.1/../../../../arm-none-eabi/lib/thumb/v7e-m+fp/softfp\libc.a(lib_a-memmove.o)
                0x10009be0                memmove
 .text._Balloc  0x10009cd8       0x4c c:/maximsdk/tools/gnutools/10.3/bin/../lib/gcc/arm-none-eabi/10.3.1/../../../../arm-none-eabi/lib/thumb/v7e-m+fp/softfp\libc.a(lib_a-mprec.o)
                0x10009cd8                _Balloc
 .text._Bfree   0x10009d24       0x14 c:/maximsdk/tools/gnutools/10.3/bin/../lib/gcc/arm-none-eabi/10.3.1/../../../../arm-none-eabi/lib/thumb/v7e-m+fp/softfp\libc.a(lib_a-mprec.o)
                0x10009d24                _Bfree
 .text.__multadd
                0x10009d38       0xa8 c:/maximsdk/tools/gnutools/10.3/bin/../lib/gcc/arm-none-eabi/10.3.1/../../../../arm-none-eabi/lib/thumb/v7e-m+fp/softfp\libc.a(lib_a-mprec.o)
                0x10009d38                __multadd
 .text.__s2b    0x10009de0       0xb4 c:/maximsdk/tools/gnutools/10.3/bin/../lib/gcc/arm-none-eabi/10.3.1/../../../../arm-none-eabi/lib/thumb/v7e-m+fp/softfp\libc.a(lib_a-mprec.o)
                0x10009de0                __s2b
 .text.__hi0bits
                0x10009e94       0x40 c:/maximsdk/tools/gnutools/10.3/bin/../lib/gcc/arm-none-eabi/10.3.1/../../../../arm-none-eabi/lib/thumb/v7e-m+fp/softfp\libc.a(lib_a-mprec.o)
                0x10009e94                __hi0bits
 .text.__lo0bits
                0x10009ed4       0x60 c:/maximsdk/tools/gnutools/10.3/bin/../lib/gcc/arm-none-eabi/10.3.1/../../../../arm-none-eabi/lib/thumb/v7e-m+fp/softfp\libc.a(lib_a-mprec.o)
                0x10009ed4                __lo0bits
 .text.__i2b    0x10009f34       0x5c c:/maximsdk/tools/gnutools/10.3/bin/../lib/gcc/arm-none-eabi/10.3.1/../../../../arm-none-eabi/lib/thumb/v7e-m+fp/softfp\libc.a(lib_a-mprec.o)
                0x10009f34                __i2b
 .text.__multiply
                0x10009f90      0x15c c:/maximsdk/tools/gnutools/10.3/bin/../lib/gcc/arm-none-eabi/10.3.1/../../../../arm-none-eabi/lib/thumb/v7e-m+fp/softfp\libc.a(lib_a-mprec.o)
                0x10009f90                __multiply
 .text.__pow5mult
                0x1000a0ec       0xc0 c:/maximsdk/tools/gnutools/10.3/bin/../lib/gcc/arm-none-eabi/10.3.1/../../../../arm-none-eabi/lib/thumb/v7e-m+fp/softfp\libc.a(lib_a-mprec.o)
                0x1000a0ec                __pow5mult
 .text.__lshift
                0x1000a1ac       0xf0 c:/maximsdk/tools/gnutools/10.3/bin/../lib/gcc/arm-none-eabi/10.3.1/../../../../arm-none-eabi/lib/thumb/v7e-m+fp/softfp\libc.a(lib_a-mprec.o)
                0x1000a1ac                __lshift
 .text.__mcmp   0x1000a29c       0x44 c:/maximsdk/tools/gnutools/10.3/bin/../lib/gcc/arm-none-eabi/10.3.1/../../../../arm-none-eabi/lib/thumb/v7e-m+fp/softfp\libc.a(lib_a-mprec.o)
                0x1000a29c                __mcmp
 .text.__mdiff  0x1000a2e0      0x14c c:/maximsdk/tools/gnutools/10.3/bin/../lib/gcc/arm-none-eabi/10.3.1/../../../../arm-none-eabi/lib/thumb/v7e-m+fp/softfp\libc.a(lib_a-mprec.o)
                0x1000a2e0                __mdiff
 .text.__ulp    0x1000a42c       0x44 c:/maximsdk/tools/gnutools/10.3/bin/../lib/gcc/arm-none-eabi/10.3.1/../../../../arm-none-eabi/lib/thumb/v7e-m+fp/softfp\libc.a(lib_a-mprec.o)
                0x1000a42c                __ulp
 .text.__b2d    0x1000a470       0xd0 c:/maximsdk/tools/gnutools/10.3/bin/../lib/gcc/arm-none-eabi/10.3.1/../../../../arm-none-eabi/lib/thumb/v7e-m+fp/softfp\libc.a(lib_a-mprec.o)
                0x1000a470                __b2d
 .text.__d2b    0x1000a540       0xc4 c:/maximsdk/tools/gnutools/10.3/bin/../lib/gcc/arm-none-eabi/10.3.1/../../../../arm-none-eabi/lib/thumb/v7e-m+fp/softfp\libc.a(lib_a-mprec.o)
                0x1000a540                __d2b
 .text.__ratio  0x1000a604       0x5c c:/maximsdk/tools/gnutools/10.3/bin/../lib/gcc/arm-none-eabi/10.3.1/../../../../arm-none-eabi/lib/thumb/v7e-m+fp/softfp\libc.a(lib_a-mprec.o)
                0x1000a604                __ratio
 .text.__copybits
                0x1000a660       0x5c c:/maximsdk/tools/gnutools/10.3/bin/../lib/gcc/arm-none-eabi/10.3.1/../../../../arm-none-eabi/lib/thumb/v7e-m+fp/softfp\libc.a(lib_a-mprec.o)
                0x1000a660                __copybits
 .text.__any_on
                0x1000a6bc       0x64 c:/maximsdk/tools/gnutools/10.3/bin/../lib/gcc/arm-none-eabi/10.3.1/../../../../arm-none-eabi/lib/thumb/v7e-m+fp/softfp\libc.a(lib_a-mprec.o)
                0x1000a6bc                __any_on
 .text._putc_r  0x1000a720       0x74 c:/maximsdk/tools/gnutools/10.3/bin/../lib/gcc/arm-none-eabi/10.3.1/../../../../arm-none-eabi/lib/thumb/v7e-m+fp/softfp\libc.a(lib_a-putc.o)
                0x1000a720                _putc_r
 .text.realloc  0x1000a794       0x18 c:/maximsdk/tools/gnutools/10.3/bin/../lib/gcc/arm-none-eabi/10.3.1/../../../../arm-none-eabi/lib/thumb/v7e-m+fp/softfp\libc.a(lib_a-realloc.o)
                0x1000a794                realloc
 .text._realloc_r
                0x1000a7ac      0x3d8 c:/maximsdk/tools/gnutools/10.3/bin/../lib/gcc/arm-none-eabi/10.3.1/../../../../arm-none-eabi/lib/thumb/v7e-m+fp/softfp\libc.a(lib_a-reallocr.o)
                0x1000a7ac                _realloc_r
 .text.lflush   0x1000ab84       0x14 c:/maximsdk/tools/gnutools/10.3/bin/../lib/gcc/arm-none-eabi/10.3.1/../../../../arm-none-eabi/lib/thumb/v7e-m+fp/softfp\libc.a(lib_a-refill.o)
 .text.__srefill_r
                0x1000ab98      0x114 c:/maximsdk/tools/gnutools/10.3/bin/../lib/gcc/arm-none-eabi/10.3.1/../../../../arm-none-eabi/lib/thumb/v7e-m+fp/softfp\libc.a(lib_a-refill.o)
                0x1000ab98                __srefill_r
 .text.frexp    0x1000acac       0x70 c:/maximsdk/tools/gnutools/10.3/bin/../lib/gcc/arm-none-eabi/10.3.1/../../../../arm-none-eabi/lib/thumb/v7e-m+fp/softfp\libc.a(lib_a-s_frexp.o)
                0x1000acac                frexp
 .text.__sccl   0x1000ad1c       0x8c c:/maximsdk/tools/gnutools/10.3/bin/../lib/gcc/arm-none-eabi/10.3.1/../../../../arm-none-eabi/lib/thumb/v7e-m+fp/softfp\libc.a(lib_a-sccl.o)
                0x1000ad1c                __sccl
 .text.nanf     0x1000ada8        0x8 c:/maximsdk/tools/gnutools/10.3/bin/../lib/gcc/arm-none-eabi/10.3.1/../../../../arm-none-eabi/lib/thumb/v7e-m+fp/softfp\libc.a(lib_a-sf_nan.o)
                0x1000ada8                nanf
 .text.sprintf  0x1000adb0       0x40 c:/maximsdk/tools/gnutools/10.3/bin/../lib/gcc/arm-none-eabi/10.3.1/../../../../arm-none-eabi/lib/thumb/v7e-m+fp/softfp\libc.a(lib_a-sprintf.o)
                0x1000adb0                sprintf
 .text.__sread  0x1000adf0       0x24 c:/maximsdk/tools/gnutools/10.3/bin/../lib/gcc/arm-none-eabi/10.3.1/../../../../arm-none-eabi/lib/thumb/v7e-m+fp/softfp\libc.a(lib_a-stdio.o)
                0x1000adf0                __sread
 .text.__swrite
                0x1000ae14       0x40 c:/maximsdk/tools/gnutools/10.3/bin/../lib/gcc/arm-none-eabi/10.3.1/../../../../arm-none-eabi/lib/thumb/v7e-m+fp/softfp\libc.a(lib_a-stdio.o)
                0x1000ae14                __swrite
 .text.__sseek  0x1000ae54       0x20 c:/maximsdk/tools/gnutools/10.3/bin/../lib/gcc/arm-none-eabi/10.3.1/../../../../arm-none-eabi/lib/thumb/v7e-m+fp/softfp\libc.a(lib_a-stdio.o)
                0x1000ae54                __sseek
 .text.__sclose
                0x1000ae74        0x8 c:/maximsdk/tools/gnutools/10.3/bin/../lib/gcc/arm-none-eabi/10.3.1/../../../../arm-none-eabi/lib/thumb/v7e-m+fp/softfp\libc.a(lib_a-stdio.o)
                0x1000ae74                __sclose
 .text.strncpy  0x1000ae7c       0x64 c:/maximsdk/tools/gnutools/10.3/bin/../lib/gcc/arm-none-eabi/10.3.1/../../../../arm-none-eabi/lib/thumb/v7e-m+fp/softfp\libc.a(lib_a-strncpy.o)
                0x1000ae7c                strncpy
 .text._strtod_l
                0x1000aee0      0xf50 c:/maximsdk/tools/gnutools/10.3/bin/../lib/gcc/arm-none-eabi/10.3.1/../../../../arm-none-eabi/lib/thumb/v7e-m+fp/softfp\libc.a(lib_a-strtod.o)
                0x1000aee0                _strtod_l
 .text._strtod_r
                0x1000be30        0xc c:/maximsdk/tools/gnutools/10.3/bin/../lib/gcc/arm-none-eabi/10.3.1/../../../../arm-none-eabi/lib/thumb/v7e-m+fp/softfp\libc.a(lib_a-strtod.o)
                0x1000be30                _strtod_r
 .text._strtol_l.part.0
                0x1000be3c      0x120 c:/maximsdk/tools/gnutools/10.3/bin/../lib/gcc/arm-none-eabi/10.3.1/../../../../arm-none-eabi/lib/thumb/v7e-m+fp/softfp\libc.a(lib_a-strtol.o)
 .text._strtol_r
                0x1000bf5c       0x1c c:/maximsdk/tools/gnutools/10.3/bin/../lib/gcc/arm-none-eabi/10.3.1/../../../../arm-none-eabi/lib/thumb/v7e-m+fp/softfp\libc.a(lib_a-strtol.o)
                0x1000bf5c                _strtol_r
 .text._strtoll_l.constprop.0
                0x1000bf78      0x170 c:/maximsdk/tools/gnutools/10.3/bin/../lib/gcc/arm-none-eabi/10.3.1/../../../../arm-none-eabi/lib/thumb/v7e-m+fp/softfp\libc.a(lib_a-strtoll.o)
 .text._strtoll_r
                0x1000c0e8        0x4 c:/maximsdk/tools/gnutools/10.3/bin/../lib/gcc/arm-none-eabi/10.3.1/../../../../arm-none-eabi/lib/thumb/v7e-m+fp/softfp\libc.a(lib_a-strtoll.o)
                0x1000c0e8                _strtoll_r
 .text._strtoul_l.constprop.0
                0x1000c0ec      0x13c c:/maximsdk/tools/gnutools/10.3/bin/../lib/gcc/arm-none-eabi/10.3.1/../../../../arm-none-eabi/lib/thumb/v7e-m+fp/softfp\libc.a(lib_a-strtoul.o)
 .text._strtoul_r
                0x1000c228        0x4 c:/maximsdk/tools/gnutools/10.3/bin/../lib/gcc/arm-none-eabi/10.3.1/../../../../arm-none-eabi/lib/thumb/v7e-m+fp/softfp\libc.a(lib_a-strtoul.o)
                0x1000c228                _strtoul_r
 .text._strtoull_l.constprop.0
                0x1000c22c      0x19c c:/maximsdk/tools/gnutools/10.3/bin/../lib/gcc/arm-none-eabi/10.3.1/../../../../arm-none-eabi/lib/thumb/v7e-m+fp/softfp\libc.a(lib_a-strtoull.o)
 .text._strtoull_r
                0x1000c3c8        0x4 c:/maximsdk/tools/gnutools/10.3/bin/../lib/gcc/arm-none-eabi/10.3.1/../../../../arm-none-eabi/lib/thumb/v7e-m+fp/softfp\libc.a(lib_a-strtoull.o)
                0x1000c3c8                _strtoull_r
 *fill*         0x1000c3cc        0x4 
 .text._svfprintf_r
                0x1000c3d0     0x1ac8 c:/maximsdk/tools/gnutools/10.3/bin/../lib/gcc/arm-none-eabi/10.3.1/../../../../arm-none-eabi/lib/thumb/v7e-m+fp/softfp\libc.a(lib_a-svfprintf.o)
                0x1000c3d0                _svfprintf_r
 .text.__submore
                0x1000de98       0x78 c:/maximsdk/tools/gnutools/10.3/bin/../lib/gcc/arm-none-eabi/10.3.1/../../../../arm-none-eabi/lib/thumb/v7e-m+fp/softfp\libc.a(lib_a-ungetc.o)
                0x1000de98                __submore
 .text._ungetc_r
                0x1000df10      0x138 c:/maximsdk/tools/gnutools/10.3/bin/../lib/gcc/arm-none-eabi/10.3.1/../../../../arm-none-eabi/lib/thumb/v7e-m+fp/softfp\libc.a(lib_a-ungetc.o)
                0x1000df10                _ungetc_r
 .text.__sprint_r.part.0
                0x1000e048       0x78 c:/maximsdk/tools/gnutools/10.3/bin/../lib/gcc/arm-none-eabi/10.3.1/../../../../arm-none-eabi/lib/thumb/v7e-m+fp/softfp\libc.a(lib_a-vfiprintf.o)
 .text.__sprint_r
                0x1000e0c0       0x18 c:/maximsdk/tools/gnutools/10.3/bin/../lib/gcc/arm-none-eabi/10.3.1/../../../../arm-none-eabi/lib/thumb/v7e-m+fp/softfp\libc.a(lib_a-vfiprintf.o)
                0x1000e0c0                __sprint_r
 .text._vfiprintf_r
                0x1000e0d8      0xdfc c:/maximsdk/tools/gnutools/10.3/bin/../lib/gcc/arm-none-eabi/10.3.1/../../../../arm-none-eabi/lib/thumb/v7e-m+fp/softfp\libc.a(lib_a-vfiprintf.o)
                0x1000e0d8                _vfiprintf_r
 .text.__sbprintf
                0x1000eed4       0x80 c:/maximsdk/tools/gnutools/10.3/bin/../lib/gcc/arm-none-eabi/10.3.1/../../../../arm-none-eabi/lib/thumb/v7e-m+fp/softfp\libc.a(lib_a-vfiprintf.o)
 .text.__swbuf_r
                0x1000ef54       0xb0 c:/maximsdk/tools/gnutools/10.3/bin/../lib/gcc/arm-none-eabi/10.3.1/../../../../arm-none-eabi/lib/thumb/v7e-m+fp/softfp\libc.a(lib_a-wbuf.o)
                0x1000ef54                __swbuf_r
 .text.__ascii_wctomb
                0x1000f004       0x1c c:/maximsdk/tools/gnutools/10.3/bin/../lib/gcc/arm-none-eabi/10.3.1/../../../../arm-none-eabi/lib/thumb/v7e-m+fp/softfp\libc.a(lib_a-wctomb_r.o)
                0x1000f004                __ascii_wctomb
 .text._write_r
                0x1000f020       0x2c c:/maximsdk/tools/gnutools/10.3/bin/../lib/gcc/arm-none-eabi/10.3.1/../../../../arm-none-eabi/lib/thumb/v7e-m+fp/softfp\libc.a(lib_a-writer.o)
                0x1000f020                _write_r
 .text.__register_exitproc
                0x1000f04c       0x8c c:/maximsdk/tools/gnutools/10.3/bin/../lib/gcc/arm-none-eabi/10.3.1/../../../../arm-none-eabi/lib/thumb/v7e-m+fp/softfp\libc.a(lib_a-__atexit.o)
                0x1000f04c                __register_exitproc
 .text.__assert_func
                0x1000f0d8       0x40 c:/maximsdk/tools/gnutools/10.3/bin/../lib/gcc/arm-none-eabi/10.3.1/../../../../arm-none-eabi/lib/thumb/v7e-m+fp/softfp\libc.a(lib_a-assert.o)
                0x1000f0d8                __assert_func
 .text._close_r
                0x1000f118       0x24 c:/maximsdk/tools/gnutools/10.3/bin/../lib/gcc/arm-none-eabi/10.3.1/../../../../arm-none-eabi/lib/thumb/v7e-m+fp/softfp\libc.a(lib_a-closer.o)
                0x1000f118                _close_r
 .text._fclose_r
                0x1000f13c       0xcc c:/maximsdk/tools/gnutools/10.3/bin/../lib/gcc/arm-none-eabi/10.3.1/../../../../arm-none-eabi/lib/thumb/v7e-m+fp/softfp\libc.a(lib_a-fclose.o)
                0x1000f13c                _fclose_r
 .text.fiprintf
                0x1000f208       0x28 c:/maximsdk/tools/gnutools/10.3/bin/../lib/gcc/arm-none-eabi/10.3.1/../../../../arm-none-eabi/lib/thumb/v7e-m+fp/softfp\libc.a(lib_a-fiprintf.o)
                0x1000f208                fiprintf
 .text.__fputwc
                0x1000f230       0xa8 c:/maximsdk/tools/gnutools/10.3/bin/../lib/gcc/arm-none-eabi/10.3.1/../../../../arm-none-eabi/lib/thumb/v7e-m+fp/softfp\libc.a(lib_a-fputwc.o)
                0x1000f230                __fputwc
 .text._fputwc_r
                0x1000f2d8       0x68 c:/maximsdk/tools/gnutools/10.3/bin/../lib/gcc/arm-none-eabi/10.3.1/../../../../arm-none-eabi/lib/thumb/v7e-m+fp/softfp\libc.a(lib_a-fputwc.o)
                0x1000f2d8                _fputwc_r
 .text._fstat_r
                0x1000f340       0x2c c:/maximsdk/tools/gnutools/10.3/bin/../lib/gcc/arm-none-eabi/10.3.1/../../../../arm-none-eabi/lib/thumb/v7e-m+fp/softfp\libc.a(lib_a-fstatr.o)
                0x1000f340                _fstat_r
 .text.rshift   0x1000f36c       0xa4 c:/maximsdk/tools/gnutools/10.3/bin/../lib/gcc/arm-none-eabi/10.3.1/../../../../arm-none-eabi/lib/thumb/v7e-m+fp/softfp\libc.a(lib_a-gdtoa-gethex.o)
 .text.__gethex
                0x1000f410      0x5d8 c:/maximsdk/tools/gnutools/10.3/bin/../lib/gcc/arm-none-eabi/10.3.1/../../../../arm-none-eabi/lib/thumb/v7e-m+fp/softfp\libc.a(lib_a-gdtoa-gethex.o)
                0x1000f410                __gethex
 .text.__match  0x1000f9e8       0x38 c:/maximsdk/tools/gnutools/10.3/bin/../lib/gcc/arm-none-eabi/10.3.1/../../../../arm-none-eabi/lib/thumb/v7e-m+fp/softfp\libc.a(lib_a-gdtoa-hexnan.o)
                0x1000f9e8                __match
 .text.__hexnan
                0x1000fa20      0x1ac c:/maximsdk/tools/gnutools/10.3/bin/../lib/gcc/arm-none-eabi/10.3.1/../../../../arm-none-eabi/lib/thumb/v7e-m+fp/softfp\libc.a(lib_a-gdtoa-hexnan.o)
                0x1000fa20                __hexnan
 .text._isatty_r
                0x1000fbcc       0x24 c:/maximsdk/tools/gnutools/10.3/bin/../lib/gcc/arm-none-eabi/10.3.1/../../../../arm-none-eabi/lib/thumb/v7e-m+fp/softfp\libc.a(lib_a-isattyr.o)
                0x1000fbcc                _isatty_r
 .text._lseek_r
                0x1000fbf0       0x2c c:/maximsdk/tools/gnutools/10.3/bin/../lib/gcc/arm-none-eabi/10.3.1/../../../../arm-none-eabi/lib/thumb/v7e-m+fp/softfp\libc.a(lib_a-lseekr.o)
                0x1000fbf0                _lseek_r
 .text._read_r  0x1000fc1c       0x2c c:/maximsdk/tools/gnutools/10.3/bin/../lib/gcc/arm-none-eabi/10.3.1/../../../../arm-none-eabi/lib/thumb/v7e-m+fp/softfp\libc.a(lib_a-readr.o)
                0x1000fc1c                _read_r
 .text.nan      0x1000fc48        0xc c:/maximsdk/tools/gnutools/10.3/bin/../lib/gcc/arm-none-eabi/10.3.1/../../../../arm-none-eabi/lib/thumb/v7e-m+fp/softfp\libc.a(lib_a-s_nan.o)
                0x1000fc48                nan
 .text.strncmp  0x1000fc54       0x80 c:/maximsdk/tools/gnutools/10.3/bin/../lib/gcc/arm-none-eabi/10.3.1/../../../../arm-none-eabi/lib/thumb/v7e-m+fp/softfp\libc.a(lib_a-strncmp.o)
                0x1000fc54                strncmp
 .text.__ssprint_r
                0x1000fcd4       0xf8 c:/maximsdk/tools/gnutools/10.3/bin/../lib/gcc/arm-none-eabi/10.3.1/../../../../arm-none-eabi/lib/thumb/v7e-m+fp/softfp\libc.a(lib_a-svfiprintf.o)
                0x1000fcd4                __ssprint_r
 .text._wcrtomb_r
                0x1000fdcc       0x3c c:/maximsdk/tools/gnutools/10.3/bin/../lib/gcc/arm-none-eabi/10.3.1/../../../../arm-none-eabi/lib/thumb/v7e-m+fp/softfp\libc.a(lib_a-wcrtomb.o)
                0x1000fdcc                _wcrtomb_r
 .text.abort    0x1000fe08       0x10 c:/maximsdk/tools/gnutools/10.3/bin/../lib/gcc/arm-none-eabi/10.3.1/../../../../arm-none-eabi/lib/thumb/v7e-m+fp/softfp\libc.a(lib_a-abort.o)
                0x1000fe08                abort
 .text.raise    0x1000fe18       0x5c c:/maximsdk/tools/gnutools/10.3/bin/../lib/gcc/arm-none-eabi/10.3.1/../../../../arm-none-eabi/lib/thumb/v7e-m+fp/softfp\libc.a(lib_a-signal.o)
                0x1000fe18                raise
 .text._kill_r  0x1000fe74       0x2c c:/maximsdk/tools/gnutools/10.3/bin/../lib/gcc/arm-none-eabi/10.3.1/../../../../arm-none-eabi/lib/thumb/v7e-m+fp/softfp\libc.a(lib_a-signalr.o)
                0x1000fe74                _kill_r
 .text._getpid_r
                0x1000fea0        0x4 c:/maximsdk/tools/gnutools/10.3/bin/../lib/gcc/arm-none-eabi/10.3.1/../../../../arm-none-eabi/lib/thumb/v7e-m+fp/softfp\libc.a(lib_a-signalr.o)
                0x1000fea0                _getpid_r
 .text._exit    0x1000fea4        0x4 c:/maximsdk/tools/gnutools/10.3/bin/../lib/gcc/arm-none-eabi/10.3.1/../../../../arm-none-eabi/lib/thumb/v7e-m+fp/softfp\libnosys.a(_exit.o)
                0x1000fea4                _exit
 .text          0x1000fea8      0x378 c:/maximsdk/tools/gnutools/10.3/bin/../lib/gcc/arm-none-eabi/10.3.1/thumb/v7e-m+fp/softfp\libgcc.a(_arm_addsubdf3.o)
                0x1000fea8                __aeabi_drsub
                0x1000feb0                __aeabi_dsub
                0x1000feb0                __subdf3
                0x1000feb4                __aeabi_dadd
                0x1000feb4                __adddf3
                0x1001012c                __floatunsidf
                0x1001012c                __aeabi_ui2d
                0x1001014c                __floatsidf
                0x1001014c                __aeabi_i2d
                0x10010170                __aeabi_f2d
                0x10010170                __extendsfdf2
                0x100101b4                __floatundidf
                0x100101b4                __aeabi_ul2d
                0x100101c4                __floatdidf
                0x100101c4                __aeabi_l2d
 .text          0x10010220      0x424 c:/maximsdk/tools/gnutools/10.3/bin/../lib/gcc/arm-none-eabi/10.3.1/thumb/v7e-m+fp/softfp\libgcc.a(_arm_muldivdf3.o)
                0x10010220                __aeabi_dmul
                0x10010220                __muldf3
                0x10010474                __divdf3
                0x10010474                __aeabi_ddiv
 .text          0x10010644      0x110 c:/maximsdk/tools/gnutools/10.3/bin/../lib/gcc/arm-none-eabi/10.3.1/thumb/v7e-m+fp/softfp\libgcc.a(_arm_cmpdf2.o)
                0x10010644                __gtdf2
                0x10010644                __gedf2
                0x1001064c                __ltdf2
                0x1001064c                __ledf2
                0x10010654                __nedf2
                0x10010654                __eqdf2
                0x10010654                __cmpdf2
                0x100106d0                __aeabi_cdrcmple
                0x100106e0                __aeabi_cdcmpeq
                0x100106e0                __aeabi_cdcmple
                0x100106f0                __aeabi_dcmpeq
                0x10010704                __aeabi_dcmplt
                0x10010718                __aeabi_dcmple
                0x1001072c                __aeabi_dcmpge
                0x10010740                __aeabi_dcmpgt
 .text          0x10010754       0x2c c:/maximsdk/tools/gnutools/10.3/bin/../lib/gcc/arm-none-eabi/10.3.1/thumb/v7e-m+fp/softfp\libgcc.a(_arm_unorddf2.o)
                0x10010754                __unorddf2
                0x10010754                __aeabi_dcmpun
 .text          0x10010780       0x50 c:/maximsdk/tools/gnutools/10.3/bin/../lib/gcc/arm-none-eabi/10.3.1/thumb/v7e-m+fp/softfp\libgcc.a(_arm_fixdfsi.o)
                0x10010780                __aeabi_d2iz
                0x10010780                __fixdfsi
 .text          0x100107d0       0x40 c:/maximsdk/tools/gnutools/10.3/bin/../lib/gcc/arm-none-eabi/10.3.1/thumb/v7e-m+fp/softfp\libgcc.a(_arm_fixunsdfsi.o)
                0x100107d0                __aeabi_d2uiz
                0x100107d0                __fixunsdfsi
 .text          0x10010810       0xa0 c:/maximsdk/tools/gnutools/10.3/bin/../lib/gcc/arm-none-eabi/10.3.1/thumb/v7e-m+fp/softfp\libgcc.a(_arm_truncdfsf2.o)
                0x10010810                __truncdfsf2
                0x10010810                __aeabi_d2f
 .text          0x100108b0       0x30 c:/maximsdk/tools/gnutools/10.3/bin/../lib/gcc/arm-none-eabi/10.3.1/thumb/v7e-m+fp/softfp\libgcc.a(_aeabi_uldivmod.o)
                0x100108b0                __aeabi_uldivmod
 .text          0x100108e0       0x30 c:/maximsdk/tools/gnutools/10.3/bin/../lib/gcc/arm-none-eabi/10.3.1/thumb/v7e-m+fp/softfp\libgcc.a(_fixdfdi.o)
                0x100108e0                __fixdfdi
                0x100108e0                __aeabi_d2lz
 .text          0x10010910       0x3c c:/maximsdk/tools/gnutools/10.3/bin/../lib/gcc/arm-none-eabi/10.3.1/thumb/v7e-m+fp/softfp\libgcc.a(_fixunsdfdi.o)
                0x10010910                __fixunsdfdi
                0x10010910                __aeabi_d2ulz
 .text          0x1001094c      0x2d0 c:/maximsdk/tools/gnutools/10.3/bin/../lib/gcc/arm-none-eabi/10.3.1/thumb/v7e-m+fp/softfp\libgcc.a(_udivmoddi4.o)
                0x1001094c                __udivmoddi4
 .text          0x10010c1c        0x4 c:/maximsdk/tools/gnutools/10.3/bin/../lib/gcc/arm-none-eabi/10.3.1/thumb/v7e-m+fp/softfp\libgcc.a(_dvmd_tls.o)
                0x10010c1c                __aeabi_idiv0
                0x10010c1c                __aeabi_ldiv0
 *(.rodata*)
 .rodata.SPI_Write.str1.4
                0x10010c20        0x5 c:/Users/ADMIN/Desktop/BMS_ADBMS/ADBMS6830/build/ADBMSCOMMON.o
 *fill*         0x10010c25        0x3 
 .rodata.ADBMS_Write_Cmd.str1.4
                0x10010c28       0x21 c:/Users/ADMIN/Desktop/BMS_ADBMS/ADBMS6830/build/ADBMSCOMMON.o
 *fill*         0x10010c49        0x3 
 .rodata.ADBMS_Write_Data.str1.4
                0x10010c4c       0x1a c:/Users/ADMIN/Desktop/BMS_ADBMS/ADBMS6830/build/ADBMSCOMMON.o
 *fill*         0x10010c66        0x2 
 .rodata.ADBMS_Read_Data.str1.4
                0x10010c68       0x89 c:/Users/ADMIN/Desktop/BMS_ADBMS/ADBMS6830/build/ADBMSCOMMON.o
 *fill*         0x10010cf1        0x3 
 .rodata.Crc15Table
                0x10010cf4      0x200 c:/Users/ADMIN/Desktop/BMS_ADBMS/ADBMS6830/build/ADBMSCOMMON.o
                0x10010cf4                Crc15Table
 .rodata.printMenu.str1.4
                0x10010ef4      0x1ff c:/Users/ADMIN/Desktop/BMS_ADBMS/ADBMS6830/build/ADBMSMAIN.o
 .rodata.ADBMS_Print_WRCFG_Data.str1.4
                0x100110f3        0x6 c:/Users/ADMIN/Desktop/BMS_ADBMS/ADBMS6830/build/ADBMSMAIN.o
 *fill*         0x100110f3        0x1 
 .rodata.ADBMS_Write_Read_Config.str1.4
                0x100110f4       0x20 c:/Users/ADMIN/Desktop/BMS_ADBMS/ADBMS6830/build/ADBMSMAIN.o
 .rodata.ADBMS_Print_AUX_Data.str1.4
                0x10011114      0x102 c:/Users/ADMIN/Desktop/BMS_ADBMS/ADBMS6830/build/ADBMSMAIN.o
 *fill*         0x10011216        0x2 
 .rodata.ADBMS_Print_Status_Data.str1.4
                0x10011218       0x82 c:/Users/ADMIN/Desktop/BMS_ADBMS/ADBMS6830/build/ADBMSMAIN.o
 *fill*         0x1001129a        0x2 
 .rodata.ADBMSPollADC.str1.4
                0x1001129c       0x1a c:/Users/ADMIN/Desktop/BMS_ADBMS/ADBMS6830/build/ADBMSMAIN.o
                                 0x26 (size before relaxing)
 *fill*         0x100112b6        0x2 
 .rodata.ADC_GPIO_Voltage_Measurement.str1.4
                0x100112b8        0xd c:/Users/ADMIN/Desktop/BMS_ADBMS/ADBMS6830/build/ADBMSMAIN.o
 *fill*         0x100112c5        0x3 
 .rodata.pollVoltCTSconversion.str1.4
                0x100112c8        0x4 c:/Users/ADMIN/Desktop/BMS_ADBMS/ADBMS6830/build/ADBMSMAIN.o
                                  0xc (size before relaxing)
 .rodata.ADBMS6830_SetCellDischargePWM.str1.4
                0x100112cc       0x12 c:/Users/ADMIN/Desktop/BMS_ADBMS/ADBMS6830/build/ADBMSMAIN.o
 *fill*         0x100112de        0x2 
 .rodata.ConfigB_DccBit.str1.4
                0x100112e0       0x1e c:/Users/ADMIN/Desktop/BMS_ADBMS/ADBMS6830/build/ADBMSMAIN.o
 *fill*         0x100112fe        0x2 
 .rodata.ADSV_PWM_discharge_Measurement_test.str1.4
                0x10011300       0x34 c:/Users/ADMIN/Desktop/BMS_ADBMS/ADBMS6830/build/ADBMSMAIN.o
 .rodata.ADBMS_Print_Data.str1.4
                0x10011334      0x178 c:/Users/ADMIN/Desktop/BMS_ADBMS/ADBMS6830/build/ADBMSMAIN.o
 .rodata.run_command.str1.4
                0x100114ac       0x12 c:/Users/ADMIN/Desktop/BMS_ADBMS/ADBMS6830/build/ADBMSMAIN.o
 *fill*         0x100114be        0x2 
 .rodata.adbmsmain.str1.4
                0x100114c0       0x16 c:/Users/ADMIN/Desktop/BMS_ADBMS/ADBMS6830/build/ADBMSMAIN.o
 *fill*         0x100114d6        0x2 
 .rodata.mxc_assert.str1.4
                0x100114d8       0x19 c:/Users/ADMIN/Desktop/BMS_ADBMS/ADBMS6830/build/board.o
 *fill*         0x100114f1        0x3 
 .rodata.Board_Init.str1.4
                0x100114f4       0x45 c:/Users/ADMIN/Desktop/BMS_ADBMS/ADBMS6830/build/board.o
 *fill*         0x10011539        0x3 
 .rodata.led_pin
                0x1001153c       0x18 c:/Users/ADMIN/Desktop/BMS_ADBMS/ADBMS6830/build/board.o
                0x1001153c                led_pin
 .rodata.num_leds
                0x10011554        0x4 c:/Users/ADMIN/Desktop/BMS_ADBMS/ADBMS6830/build/board.o
                0x10011554                num_leds
 .rodata.num_pbs
                0x10011558        0x4 c:/Users/ADMIN/Desktop/BMS_ADBMS/ADBMS6830/build/board.o
                0x10011558                num_pbs
 .rodata.pb_pin
                0x1001155c       0x18 c:/Users/ADMIN/Desktop/BMS_ADBMS/ADBMS6830/build/board.o
                0x1001155c                pb_pin
 .rodata.LED_On.str1.4
                0x10011574       0x3b c:/Users/ADMIN/Desktop/BMS_ADBMS/ADBMS6830/build/led.o
 *fill*         0x100115af        0x1 
 .rodata.MXC_SPI_Init.str1.4
                0x100115b0       0x51 C:/MaximSDK/Libraries/PeriphDrivers/bin/MAX32670/softfp/libPeriphDriver_softfp.a(spi_me15.o)
 *fill*         0x10011601        0x3 
 .rodata.MXC_SPI_RevA1_SwapByte.str1.4
                0x10011604       0x50 C:/MaximSDK/Libraries/PeriphDrivers/bin/MAX32670/softfp/libPeriphDriver_softfp.a(spi_reva1.o)
 .rodata.MXC_SPI_RevA1_TransSetup.str1.4
                0x10011654       0x22 C:/MaximSDK/Libraries/PeriphDrivers/bin/MAX32670/softfp/libPeriphDriver_softfp.a(spi_reva1.o)
 *fill*         0x10011676        0x2 
 .rodata.MXC_UART_RevB_Init.str1.4
                0x10011678       0x77 C:/MaximSDK/Libraries/PeriphDrivers/bin/MAX32670/softfp/libPeriphDriver_softfp.a(uart_revb.o)
 *fill*         0x100116ef        0x1 
 .rodata.gpio_cfg_hfextclk
                0x100116f0        0xc C:/MaximSDK/Libraries/PeriphDrivers/bin/MAX32670/softfp/libPeriphDriver_softfp.a(pins_me15.o)
                0x100116f0                gpio_cfg_hfextclk
 .rodata.gpio_cfg_lpextclk
                0x100116fc        0xc C:/MaximSDK/Libraries/PeriphDrivers/bin/MAX32670/softfp/libPeriphDriver_softfp.a(pins_me15.o)
                0x100116fc                gpio_cfg_lpextclk
 .rodata.gpio_cfg_spi0
                0x10011708        0xc C:/MaximSDK/Libraries/PeriphDrivers/bin/MAX32670/softfp/libPeriphDriver_softfp.a(pins_me15.o)
                0x10011708                gpio_cfg_spi0
 .rodata.gpio_cfg_spi1
                0x10011714        0xc C:/MaximSDK/Libraries/PeriphDrivers/bin/MAX32670/softfp/libPeriphDriver_softfp.a(pins_me15.o)
                0x10011714                gpio_cfg_spi1
 .rodata.gpio_cfg_spi2
                0x10011720        0xc C:/MaximSDK/Libraries/PeriphDrivers/bin/MAX32670/softfp/libPeriphDriver_softfp.a(pins_me15.o)
                0x10011720                gpio_cfg_spi2
 .rodata.gpio_cfg_uart0
                0x1001172c        0xc C:/MaximSDK/Libraries/PeriphDrivers/bin/MAX32670/softfp/libPeriphDriver_softfp.a(pins_me15.o)
                0x1001172c                gpio_cfg_uart0
 .rodata.gpio_cfg_uart1
                0x10011738        0xc C:/MaximSDK/Libraries/PeriphDrivers/bin/MAX32670/softfp/libPeriphDriver_softfp.a(pins_me15.o)
                0x10011738                gpio_cfg_uart1
 .rodata.gpio_cfg_uart2
                0x10011744        0xc C:/MaximSDK/Libraries/PeriphDrivers/bin/MAX32670/softfp/libPeriphDriver_softfp.a(pins_me15.o)
                0x10011744                gpio_cfg_uart2
 .rodata.gpio_cfg_uart3
                0x10011750        0xc C:/MaximSDK/Libraries/PeriphDrivers/bin/MAX32670/softfp/libPeriphDriver_softfp.a(pins_me15.o)
                0x10011750                gpio_cfg_uart3
 .rodata.MXC_GPIO_Common_Handler.str1.4
                0x1001175c       0x66 C:/MaximSDK/Libraries/PeriphDrivers/bin/MAX32670/softfp/libPeriphDriver_softfp.a(gpio_common.o)
 *fill*         0x100117c2        0x2 
 .rodata._global_impure_ptr
                0x100117c4        0x4 c:/maximsdk/tools/gnutools/10.3/bin/../lib/gcc/arm-none-eabi/10.3.1/../../../../arm-none-eabi/lib/thumb/v7e-m+fp/softfp\libc.a(lib_a-impure.o)
                0x100117c4                _global_impure_ptr
 .rodata._puts_r.str1.4
                0x100117c8       0x66 c:/maximsdk/tools/gnutools/10.3/bin/../lib/gcc/arm-none-eabi/10.3.1/../../../../arm-none-eabi/lib/thumb/v7e-m+fp/softfp\libc.a(lib_a-puts.o)
                                  0x2 (size before relaxing)
 .rodata._vfprintf_r.str1.4
                0x100117c8       0x42 c:/maximsdk/tools/gnutools/10.3/bin/../lib/gcc/arm-none-eabi/10.3.1/../../../../arm-none-eabi/lib/thumb/v7e-m+fp/softfp\libc.a(lib_a-vfprintf.o)
 *fill*         0x1001180a        0x2 
 .rodata.blanks.1
                0x1001180c       0x10 c:/maximsdk/tools/gnutools/10.3/bin/../lib/gcc/arm-none-eabi/10.3.1/../../../../arm-none-eabi/lib/thumb/v7e-m+fp/softfp\libc.a(lib_a-vfprintf.o)
 .rodata.zeroes.0
                0x1001181c       0x10 c:/maximsdk/tools/gnutools/10.3/bin/../lib/gcc/arm-none-eabi/10.3.1/../../../../arm-none-eabi/lib/thumb/v7e-m+fp/softfp\libc.a(lib_a-vfprintf.o)
 .rodata.__svfscanf_r.str1.4
                0x1001182c        0x5 c:/maximsdk/tools/gnutools/10.3/bin/../lib/gcc/arm-none-eabi/10.3.1/../../../../arm-none-eabi/lib/thumb/v7e-m+fp/softfp\libc.a(lib_a-vfscanf.o)
                                  0x9 (size before relaxing)
 *fill*         0x10011831        0x3 
 .rodata.basefix.0
                0x10011834       0x22 c:/maximsdk/tools/gnutools/10.3/bin/../lib/gcc/arm-none-eabi/10.3.1/../../../../arm-none-eabi/lib/thumb/v7e-m+fp/softfp\libc.a(lib_a-vfscanf.o)
 *fill*         0x10011856        0x2 
 .rodata._ctype_
                0x10011858      0x101 c:/maximsdk/tools/gnutools/10.3/bin/../lib/gcc/arm-none-eabi/10.3.1/../../../../arm-none-eabi/lib/thumb/v7e-m+fp/softfp\libc.a(lib_a-ctype_.o)
                0x10011858                _ctype_
 *fill*         0x10011959        0x3 
 .rodata._dtoa_r.str1.4
                0x1001195c       0xa2 c:/maximsdk/tools/gnutools/10.3/bin/../lib/gcc/arm-none-eabi/10.3.1/../../../../arm-none-eabi/lib/thumb/v7e-m+fp/softfp\libc.a(lib_a-dtoa.o)
                                 0xa6 (size before relaxing)
 *fill*         0x100119fe        0x2 
 .rodata._setlocale_r.str1.4
                0x10011a00        0xa c:/maximsdk/tools/gnutools/10.3/bin/../lib/gcc/arm-none-eabi/10.3.1/../../../../arm-none-eabi/lib/thumb/v7e-m+fp/softfp\libc.a(lib_a-locale.o)
                                  0xd (size before relaxing)
 *fill*         0x10011a0a        0x2 
 .rodata.str1.4
                0x10011a0c        0x2 c:/maximsdk/tools/gnutools/10.3/bin/../lib/gcc/arm-none-eabi/10.3.1/../../../../arm-none-eabi/lib/thumb/v7e-m+fp/softfp\libc.a(lib_a-locale.o)
 .rodata._mbrtowc_r.str1.4
                0x10011a0e        0x1 c:/maximsdk/tools/gnutools/10.3/bin/../lib/gcc/arm-none-eabi/10.3.1/../../../../arm-none-eabi/lib/thumb/v7e-m+fp/softfp\libc.a(lib_a-mbrtowc.o)
 *fill*         0x10011a0e        0x2 
 .rodata.__multadd.str1.4
                0x10011a10       0x7f c:/maximsdk/tools/gnutools/10.3/bin/../lib/gcc/arm-none-eabi/10.3.1/../../../../arm-none-eabi/lib/thumb/v7e-m+fp/softfp\libc.a(lib_a-mprec.o)
                                 0x93 (size before relaxing)
 *fill*         0x10011a8f        0x1 
 .rodata.__mprec_bigtens
                0x10011a90       0x28 c:/maximsdk/tools/gnutools/10.3/bin/../lib/gcc/arm-none-eabi/10.3.1/../../../../arm-none-eabi/lib/thumb/v7e-m+fp/softfp\libc.a(lib_a-mprec.o)
                0x10011a90                __mprec_bigtens
 .rodata.__mprec_tens
                0x10011ab8       0xc8 c:/maximsdk/tools/gnutools/10.3/bin/../lib/gcc/arm-none-eabi/10.3.1/../../../../arm-none-eabi/lib/thumb/v7e-m+fp/softfp\libc.a(lib_a-mprec.o)
                0x10011ab8                __mprec_tens
 .rodata.p05.0  0x10011b80        0xc c:/maximsdk/tools/gnutools/10.3/bin/../lib/gcc/arm-none-eabi/10.3.1/../../../../arm-none-eabi/lib/thumb/v7e-m+fp/softfp\libc.a(lib_a-mprec.o)
 .rodata._strtod_l.str1.4
                0x10011b8c        0xf c:/maximsdk/tools/gnutools/10.3/bin/../lib/gcc/arm-none-eabi/10.3.1/../../../../arm-none-eabi/lib/thumb/v7e-m+fp/softfp\libc.a(lib_a-strtod.o)
                                 0x11 (size before relaxing)
 *fill*         0x10011b9b        0x1 
 .rodata.fpi.1  0x10011b9c       0x14 c:/maximsdk/tools/gnutools/10.3/bin/../lib/gcc/arm-none-eabi/10.3.1/../../../../arm-none-eabi/lib/thumb/v7e-m+fp/softfp\libc.a(lib_a-strtod.o)
 .rodata.fpinan.0
                0x10011bb0       0x14 c:/maximsdk/tools/gnutools/10.3/bin/../lib/gcc/arm-none-eabi/10.3.1/../../../../arm-none-eabi/lib/thumb/v7e-m+fp/softfp\libc.a(lib_a-strtod.o)
 *fill*         0x10011bc4        0x4 
 .rodata.tinytens
                0x10011bc8       0x28 c:/maximsdk/tools/gnutools/10.3/bin/../lib/gcc/arm-none-eabi/10.3.1/../../../../arm-none-eabi/lib/thumb/v7e-m+fp/softfp\libc.a(lib_a-strtod.o)
 .rodata._svfprintf_r.str1.4
                0x10011bf0       0x42 c:/maximsdk/tools/gnutools/10.3/bin/../lib/gcc/arm-none-eabi/10.3.1/../../../../arm-none-eabi/lib/thumb/v7e-m+fp/softfp\libc.a(lib_a-svfprintf.o)
 .rodata.blanks.1
                0x10011bf0       0x10 c:/maximsdk/tools/gnutools/10.3/bin/../lib/gcc/arm-none-eabi/10.3.1/../../../../arm-none-eabi/lib/thumb/v7e-m+fp/softfp\libc.a(lib_a-svfprintf.o)
 .rodata.zeroes.0
                0x10011c00       0x10 c:/maximsdk/tools/gnutools/10.3/bin/../lib/gcc/arm-none-eabi/10.3.1/../../../../arm-none-eabi/lib/thumb/v7e-m+fp/softfp\libc.a(lib_a-svfprintf.o)
 .rodata._vfiprintf_r.str1.4
                0x10011c10       0x2f c:/maximsdk/tools/gnutools/10.3/bin/../lib/gcc/arm-none-eabi/10.3.1/../../../../arm-none-eabi/lib/thumb/v7e-m+fp/softfp\libc.a(lib_a-vfiprintf.o)
 .rodata.blanks.1
                0x10011c10       0x10 c:/maximsdk/tools/gnutools/10.3/bin/../lib/gcc/arm-none-eabi/10.3.1/../../../../arm-none-eabi/lib/thumb/v7e-m+fp/softfp\libc.a(lib_a-vfiprintf.o)
 .rodata.zeroes.0
                0x10011c20       0x10 c:/maximsdk/tools/gnutools/10.3/bin/../lib/gcc/arm-none-eabi/10.3.1/../../../../arm-none-eabi/lib/thumb/v7e-m+fp/softfp\libc.a(lib_a-vfiprintf.o)
 .rodata.__assert_func.str1.4
                0x10011c30       0x3f c:/maximsdk/tools/gnutools/10.3/bin/../lib/gcc/arm-none-eabi/10.3.1/../../../../arm-none-eabi/lib/thumb/v7e-m+fp/softfp\libc.a(lib_a-assert.o)
                                 0x43 (size before relaxing)
 *fill*         0x10011c6f        0x1 
 .rodata.__gethex.str1.4
                0x10011c70       0x86 c:/maximsdk/tools/gnutools/10.3/bin/../lib/gcc/arm-none-eabi/10.3.1/../../../../arm-none-eabi/lib/thumb/v7e-m+fp/softfp\libc.a(lib_a-gdtoa-gethex.o)
                                 0x9a (size before relaxing)
 *fill*         0x10011cf6        0x2 
 .rodata.__hexdig
                0x10011cf8      0x100 c:/maximsdk/tools/gnutools/10.3/bin/../lib/gcc/arm-none-eabi/10.3.1/../../../../arm-none-eabi/lib/thumb/v7e-m+fp/softfp\libc.a(lib_a-gdtoa-gethex.o)
                0x10011cf8                __hexdig
 .rodata.str1.4
                0x10011df8        0x5 c:/maximsdk/tools/gnutools/10.3/bin/../lib/gcc/arm-none-eabi/10.3.1/../../../../arm-none-eabi/lib/thumb/v7e-m+fp/softfp\libc.a(lib_a-lnumeric.o)
 .rodata._C_numeric_locale
                0x10011df8        0xc c:/maximsdk/tools/gnutools/10.3/bin/../lib/gcc/arm-none-eabi/10.3.1/../../../../arm-none-eabi/lib/thumb/v7e-m+fp/softfp\libc.a(lib_a-lnumeric.o)
                0x10011df8                _C_numeric_locale
 *(.init)
 .init          0x10011e04        0x4 c:/maximsdk/tools/gnutools/10.3/bin/../lib/gcc/arm-none-eabi/10.3.1/thumb/v7e-m+fp/softfp/crti.o
                0x10011e04                _init
 .init          0x10011e08        0x8 c:/maximsdk/tools/gnutools/10.3/bin/../lib/gcc/arm-none-eabi/10.3.1/thumb/v7e-m+fp/softfp/crtn.o
 *(.fini)
 .fini          0x10011e10        0x4 c:/maximsdk/tools/gnutools/10.3/bin/../lib/gcc/arm-none-eabi/10.3.1/thumb/v7e-m+fp/softfp/crti.o
                0x10011e10                _fini
 .fini          0x10011e14        0x8 c:/maximsdk/tools/gnutools/10.3/bin/../lib/gcc/arm-none-eabi/10.3.1/thumb/v7e-m+fp/softfp/crtn.o
 *crtbegin.o(.ctors)
 *crtbegin?.o(.ctors)
 *(EXCLUDE_FILE(*crtend.o *crtend?.o) .ctors)
 *(SORT_BY_NAME(.ctors.*))
 *(.ctors)
 *crtbegin.o(.dtors)
 *crtbegin?.o(.dtors)
 *(EXCLUDE_FILE(*crtend.o *crtend?.o) .dtors)
 *(SORT_BY_NAME(.dtors.*))
 *(.dtors)
 *(.eh_frame*)
 .eh_frame      0x10011e1c        0x0 c:/maximsdk/tools/gnutools/10.3/bin/../lib/gcc/arm-none-eabi/10.3.1/thumb/v7e-m+fp/softfp/crtbegin.o
 .eh_frame      0x10011e1c        0x4 c:/maximsdk/tools/gnutools/10.3/bin/../lib/gcc/arm-none-eabi/10.3.1/thumb/v7e-m+fp/softfp/crtend.o
                0x10011e20                _etext = .

.glue_7         0x10011e20        0x0
 .glue_7        0x10011e20        0x0 linker stubs

.glue_7t        0x10011e20        0x0
 .glue_7t       0x10011e20        0x0 linker stubs

.vfp11_veneer   0x10011e20        0x0
 .vfp11_veneer  0x10011e20        0x0 linker stubs

.v4_bx          0x10011e20        0x0
 .v4_bx         0x10011e20        0x0 linker stubs

.iplt           0x10011e20        0x0
 .iplt          0x10011e20        0x0 c:/maximsdk/tools/gnutools/10.3/bin/../lib/gcc/arm-none-eabi/10.3.1/thumb/v7e-m+fp/softfp/crtbegin.o

.ARM.extab
 *(.ARM.extab* .gnu.linkonce.armextab.*)

.ARM.exidx      0x10011e20        0x8
                0x10011e20                __exidx_start = .
 *(.ARM.exidx* .gnu.linkonce.armexidx.*)
 .ARM.exidx     0x10011e20        0x8 c:/maximsdk/tools/gnutools/10.3/bin/../lib/gcc/arm-none-eabi/10.3.1/thumb/v7e-m+fp/softfp\libgcc.a(_udivmoddi4.o)
                0x10011e28                __exidx_end = .

.rel.dyn        0x10011e28        0x0
 .rel.iplt      0x10011e28        0x0 c:/maximsdk/tools/gnutools/10.3/bin/../lib/gcc/arm-none-eabi/10.3.1/thumb/v7e-m+fp/softfp/crtbegin.o

.data           0x20000000      0xa90 load address 0x10011e28
                0x20000000                _data = ALIGN (., 0x4)
 *(vtable)
 *(.data*)
 .data.ADAX     0x20000000        0x2 c:/Users/ADMIN/Desktop/BMS_ADBMS/ADBMS6830/build/ADBMSMAIN.o
                0x20000000                ADAX
 *fill*         0x20000002        0x2 
 .data.ADCV     0x20000004        0x2 c:/Users/ADMIN/Desktop/BMS_ADBMS/ADBMS6830/build/ADBMSMAIN.o
                0x20000004                ADCV
 *fill*         0x20000006        0x2 
 .data.ADSV     0x20000008        0x2 c:/Users/ADMIN/Desktop/BMS_ADBMS/ADBMS6830/build/ADBMSMAIN.o
                0x20000008                ADSV
 *fill*         0x2000000a        0x2 
 .data.CFGA_data
                0x2000000c        0x6 c:/Users/ADMIN/Desktop/BMS_ADBMS/ADBMS6830/build/ADBMSMAIN.o
                0x2000000c                CFGA_data
 *fill*         0x20000012        0x2 
 .data.CLRAUX   0x20000014        0x2 c:/Users/ADMIN/Desktop/BMS_ADBMS/ADBMS6830/build/ADBMSMAIN.o
                0x20000014                CLRAUX
 *fill*         0x20000016        0x2 
 .data.CLRCELL  0x20000018        0x2 c:/Users/ADMIN/Desktop/BMS_ADBMS/ADBMS6830/build/ADBMSMAIN.o
                0x20000018                CLRCELL